Archive member included because of file (symbol)

contiki-sky.a(contiki-sky-pla)
                              obj_sky/contiki-sky-main.o (init_platform)
contiki-sky.a(button-sensor.o)
                              internal-seed-button.co (button_sensor)
contiki-sky.a(ds2411.o)       obj_sky/contiki-sky-main.o (ds2411_init)
contiki-sky.a(xmem.o)         obj_sky/contiki-sky-main.o (xmem_init)
contiki-sky.a(node-id.o)      obj_sky/contiki-sky-main.o (node_id_restore)
contiki-sky.a(sensors.o)      internal-seed-button.co (sensors_event)
contiki-sky.a(cc2420.o)       obj_sky/contiki-sky-main.o (cc2420_set_pan_addr)
contiki-sky.a(cc2420-arch.o)  contiki-sky.a(cc2420.o) (cc2420_arch_init)
contiki-sky.a(uart1.o)        obj_sky/contiki-sky-main.o (uart1_active)
contiki-sky.a(uart1-putchar.o)
                              obj_sky/contiki-sky-main.o (putchar)
contiki-sky.a(msp430.o)       contiki-sky.a(uart1.o) (msp430_add_lpm_req)
contiki-sky.a(clock.o)        obj_sky/contiki-sky-main.o (clock_init)
contiki-sky.a(leds.o)         obj_sky/contiki-sky-main.o (leds_init)
contiki-sky.a(leds-arch.o)    contiki-sky.a(leds.o) (leds_arch_init)
contiki-sky.a(watchdog.o)     obj_sky/contiki-sky-main.o (watchdog_start)
contiki-sky.a(rtimer-arch.o)  obj_sky/contiki-sky-main.o (rtimer_arch_now)
contiki-sky.a(bmrf.o)         internal-seed-button.co (bmrf_driver)
contiki-sky.a(uip-mcast6-rout)
                              contiki-sky.a(bmrf.o) (uip_mcast6_route_lookup)
contiki-sky.a(autostart.o)    obj_sky/contiki-sky-main.o (autostart_start)
contiki-sky.a(ctimer.o)       obj_sky/contiki-sky-main.o (ctimer_init)
contiki-sky.a(energest.o)     obj_sky/contiki-sky-main.o (energest_init)
contiki-sky.a(etimer.o)       contiki-sky.a(clock.o) (etimer_request_poll)
contiki-sky.a(process.o)      contiki-sky.a(ctimer.o) (process_current)
contiki-sky.a(rtimer.o)       obj_sky/contiki-sky-main.o (rtimer_init)
contiki-sky.a(timer.o)        obj_sky/contiki-sky-main.o (timer_set)
contiki-sky.a(list.o)         contiki-sky.a(uip-mcast6-rout) (list_init)
contiki-sky.a(memb.o)         contiki-sky.a(uip-mcast6-rout) (memb_init)
contiki-sky.a(random.o)       obj_sky/contiki-sky-main.o (random_init)
contiki-sky.a(uip-ds6.o)      obj_sky/contiki-sky-main.o (uip_ds6_get_link_local)
contiki-sky.a(uip-ds6-route.o)
                              contiki-sky.a(uip-ds6.o) (uip_ds6_route_init)
contiki-sky.a(uip6.o)         contiki-sky.a(bmrf.o) (uip_aligned_buf)
contiki-sky.a(uip-ds6-nbr.o)  contiki-sky.a(uip-ds6.o) (uip_ds6_neighbors_init)
contiki-sky.a(uip-nd6.o)      contiki-sky.a(uip6.o) (uip_nd6_init)
contiki-sky.a(sicslowpan.o)   obj_sky/contiki-sky-main.o (sicslowpan_driver)
contiki-sky.a(framer-802154.o)
                              contiki-sky.a(sicslowpan.o) (framer_802154)
contiki-sky.a(csma.o)         internal-seed-button.co (csma_driver)
contiki-sky.a(frame802154.o)  contiki-sky.a(framer-802154.o) (frame802154_hdrlen)
contiki-sky.a(mac.o)          contiki-sky.a(csma.o) (mac_call_sent_callback)
contiki-sky.a(queuebuf.o)     obj_sky/contiki-sky-main.o (queuebuf_init)
contiki-sky.a(nbr-table.o)    contiki-sky.a(uip-ds6-route.o) (nbr_table_register)
contiki-sky.a(packetbuf.o)    contiki-sky.a(queuebuf.o) (packetbuf_copyto_hdr)
contiki-sky.a(linkaddr.o)     obj_sky/contiki-sky-main.o (linkaddr_copy)
contiki-sky.a(uip-debug.o)    internal-seed-button.co (uip_debug_ipaddr_print)
contiki-sky.a(uip-udp-packet.)
                              internal-seed-button.co (uip_udp_packet_send)
contiki-sky.a(tcpip.o)        contiki-sky.a(bmrf.o) (tcpip_output)
contiki-sky.a(rpl-dag.o)      contiki-sky.a(bmrf.o) (rpl_get_parent_ipaddr)
contiki-sky.a(rpl-timers.o)   contiki-sky.a(rpl-dag.o) (rpl_reset_dio_timer)
contiki-sky.a(rpl-ext-header.)
                              contiki-sky.a(uip6.o) (rpl_verify_header)
contiki-sky.a(rpl.o)          contiki-sky.a(rpl-timers.o) (rpl_get_mode)
contiki-sky.a(rpl-mrhof.o)    contiki-sky.a(rpl-dag.o) (rpl_mrhof)
contiki-sky.a(contikimac.o)   obj_sky/contiki-sky-main.o (contikimac_driver)
contiki-sky.a(spi.o)          contiki-sky.a(xmem.o) (spi_init)
contiki-sky.a(stimer.o)       contiki-sky.a(uip-ds6.o) (stimer_set)
contiki-sky.a(compower.o)     contiki-sky.a(contikimac.o) (compower_idle_activity)
contiki-sky.a(uip-icmp6.o)    contiki-sky.a(uip6.o) (uip_icmp6_input)
contiki-sky.a(mac-sequence.o)
                              contiki-sky.a(contikimac.o) (mac_sequence_is_duplicate)
contiki-sky.a(phase.o)        contiki-sky.a(contikimac.o) (phase_update)
contiki-sky.a(rpl-icmp6.o)    contiki-sky.a(rpl-timers.o) (dis_output)
/usr/local/bin/../lib/gcc/msp430/4.7.2/mmpy-16/libgcc.a(_mulsi3.o)
                              contiki-sky.a(csma.o) (__mulsi3)
/usr/local/bin/../lib/gcc/msp430/4.7.2/mmpy-16/libgcc.a(_udivmod8.o)
                              contiki-sky.a(bmrf.o) (__udivqi3)
/usr/local/bin/../lib/gcc/msp430/4.7.2/mmpy-16/libgcc.a(_udivmod16.o)
                              contiki-sky.a(rpl-dag.o) (__udivhi3)
[...]
Memory Configuration

Name             Origin             Length             Attributes
sfr              0x00000000         0x00000010
peripheral_8bit  0x00000010         0x000000f0
peripheral_16bit 0x00000100         0x00000100
ram_mirror       0x00000200         0x00000800         xw
infomem          0x00001000         0x00000100
infob            0x00001000         0x00000080
infoa            0x00001080         0x00000080
ram              0x00001100         0x00002800         xw
rom              0x00004000         0x0000bfe0         xr
vectors          0x0000ffe0         0x00000020
bsl              0x00000000         0x00000000
infoc            0x00000000         0x00000000
infod            0x00000000         0x00000000
ram2             0x00000000         0x00000000         xw
usbram           0x00000000         0x00000000         xw
far_rom          0x00000000         0x00000000
*default*        0x00000000         0xffffffff

Linker script and memory map

LOAD /usr/local/bin/../lib/gcc/msp430/4.7.2/mmpy-16/crt0ivtbl16.o
LOAD internal-seed-button.co
LOAD obj_sky/contiki-sky-main.o
LOAD contiki-sky.a
LOAD /usr/local/bin/../lib/gcc/msp430/4.7.2/mmpy-16/libgcc.a
LOAD /usr/local/bin/../lib/gcc/msp430/4.7.2/../../../../msp430/lib/mmpy-16/libc.a
LOAD /usr/local/bin/../lib/gcc/msp430/4.7.2/mmpy-16/libgcc.a
LOAD /usr/local/bin/../lib/gcc/msp430/4.7.2/mmpy-16/libcrt0.a
                0x00000080                PROVIDE (__info_segment_size, 0x80)
                0x00001000                PROVIDE (__infob, 0x1000)
                0x00001080                PROVIDE (__infoa, 0x1080)
                0x00000000                __IE1 = 0x0
                0x00000002                __IFG1 = 0x2
                0x00000004                __ME1 = 0x4
                0x00000001                __IE2 = 0x1
                0x00000003                __IFG2 = 0x3
                0x00000005                __ME2 = 0x5
                0x00000120                __WDTCTL = 0x120
                0x00000130                __MPY = 0x130
                0x00000132                __MPYS = 0x132
                0x00000134                __MAC = 0x134
                0x00000136                __MACS = 0x136
                0x00000138                __OP2 = 0x138
                0x0000013a                __RESLO = 0x13a
                0x0000013c                __RESHI = 0x13c
                0x0000013e                __SUMEXT = 0x13e
                0x00000020                __P1IN = 0x20
                0x00000021                __P1OUT = 0x21
                0x00000022                __P1DIR = 0x22
                0x00000023                __P1IFG = 0x23
                0x00000024                __P1IES = 0x24
                0x00000025                __P1IE = 0x25
                0x00000026                __P1SEL = 0x26
                0x00000028                __P2IN = 0x28
                0x00000029                __P2OUT = 0x29
                0x0000002a                __P2DIR = 0x2a
                0x0000002b                __P2IFG = 0x2b
                0x0000002c                __P2IES = 0x2c
                0x0000002d                __P2IE = 0x2d
                0x0000002e                __P2SEL = 0x2e
                0x00000018                __P3IN = 0x18
                0x00000019                __P3OUT = 0x19
                0x0000001a                __P3DIR = 0x1a
                0x0000001b                __P3SEL = 0x1b
                0x0000001c                __P4IN = 0x1c
                0x0000001d                __P4OUT = 0x1d
                0x0000001e                __P4DIR = 0x1e
                0x0000001f                __P4SEL = 0x1f
                0x00000030                __P5IN = 0x30
                0x00000031                __P5OUT = 0x31
                0x00000032                __P5DIR = 0x32
                0x00000033                __P5SEL = 0x33
                0x00000034                __P6IN = 0x34
                0x00000035                __P6OUT = 0x35
                0x00000036                __P6DIR = 0x36
                0x00000037                __P6SEL = 0x37
                0x00000070                __U0CTL = 0x70
                0x00000071                __U0TCTL = 0x71
                0x00000072                __U0RCTL = 0x72
                0x00000073                __U0MCTL = 0x73
                0x00000074                __U0BR0 = 0x74
                0x00000075                __U0BR1 = 0x75
                0x00000076                __U0RXBUF = 0x76
                0x00000077                __U0TXBUF = 0x77
                0x00000078                __U1CTL = 0x78
                0x00000079                __U1TCTL = 0x79
                0x0000007a                __U1RCTL = 0x7a
                0x0000007b                __U1MCTL = 0x7b
                0x0000007c                __U1BR0 = 0x7c
                0x0000007d                __U1BR1 = 0x7d
                0x0000007e                __U1RXBUF = 0x7e
                0x0000007f                __U1TXBUF = 0x7f
                0x00000050                __I2CIE = 0x50
                0x00000051                __I2CIFG = 0x51
                0x00000052                __I2CNDAT = 0x52
                0x00000071                __I2CTCTL = 0x71
                0x00000072                __I2CDCTL = 0x72
                0x00000073                __I2CPSC = 0x73
                0x00000074                __I2CSCLH = 0x74
                0x00000075                __I2CSCLL = 0x75
                0x00000076                __I2CDRB = 0x76
                0x00000076                __I2CDRW = 0x76
                0x00000118                __I2COA = 0x118
                0x0000011a                __I2CSA = 0x11a
                0x0000011c                __I2CIV = 0x11c
                0x0000012e                __TAIV = 0x12e
                0x00000160                __TACTL = 0x160
                0x00000162                __TACCTL0 = 0x162
                0x00000164                __TACCTL1 = 0x164
                0x00000166                __TACCTL2 = 0x166
                0x00000170                __TAR = 0x170
                0x00000172                __TACCR0 = 0x172
                0x00000174                __TACCR1 = 0x174
                0x00000176                __TACCR2 = 0x176
                0x0000011e                __TBIV = 0x11e
                0x00000180                __TBCTL = 0x180
                0x00000182                __TBCCTL0 = 0x182
                0x00000184                __TBCCTL1 = 0x184
                0x00000186                __TBCCTL2 = 0x186
                0x00000188                __TBCCTL3 = 0x188
                0x0000018a                __TBCCTL4 = 0x18a
                0x0000018c                __TBCCTL5 = 0x18c
                0x0000018e                __TBCCTL6 = 0x18e
                0x00000190                __TBR = 0x190
                0x00000192                __TBCCR0 = 0x192
                0x00000194                __TBCCR1 = 0x194
                0x00000196                __TBCCR2 = 0x196
                0x00000198                __TBCCR3 = 0x198
                0x0000019a                __TBCCR4 = 0x19a
                0x0000019c                __TBCCR5 = 0x19c
                0x0000019e                __TBCCR6 = 0x19e
                0x00000056                __DCOCTL = 0x56
                0x00000057                __BCSCTL1 = 0x57
                0x00000058                __BCSCTL2 = 0x58
                0x00000055                __SVSCTL = 0x55
                0x00000128                __FCTL1 = 0x128
                0x0000012a                __FCTL2 = 0x12a
                0x0000012c                __FCTL3 = 0x12c
                0x00000059                __CACTL1 = 0x59
                0x0000005a                __CACTL2 = 0x5a
                0x0000005b                __CAPD = 0x5b
                0x000001a0                __ADC12CTL0 = 0x1a0
                0x000001a2                __ADC12CTL1 = 0x1a2
                0x000001a4                __ADC12IFG = 0x1a4
                0x000001a6                __ADC12IE = 0x1a6
                0x000001a8                __ADC12IV = 0x1a8
                0x00000140                __ADC12MEM0 = 0x140
                0x00000142                __ADC12MEM1 = 0x142
                0x00000144                __ADC12MEM2 = 0x144
                0x00000146                __ADC12MEM3 = 0x146
                0x00000148                __ADC12MEM4 = 0x148
                0x0000014a                __ADC12MEM5 = 0x14a
                0x0000014c                __ADC12MEM6 = 0x14c
                0x0000014e                __ADC12MEM7 = 0x14e
                0x00000150                __ADC12MEM8 = 0x150
                0x00000152                __ADC12MEM9 = 0x152
                0x00000154                __ADC12MEM10 = 0x154
                0x00000156                __ADC12MEM11 = 0x156
                0x00000158                __ADC12MEM12 = 0x158
                0x0000015a                __ADC12MEM13 = 0x15a
                0x0000015c                __ADC12MEM14 = 0x15c
                0x0000015e                __ADC12MEM15 = 0x15e
                0x00000080                __ADC12MCTL0 = 0x80
                0x00000081                __ADC12MCTL1 = 0x81
                0x00000082                __ADC12MCTL2 = 0x82
                0x00000083                __ADC12MCTL3 = 0x83
                0x00000084                __ADC12MCTL4 = 0x84
                0x00000085                __ADC12MCTL5 = 0x85
                0x00000086                __ADC12MCTL6 = 0x86
                0x00000087                __ADC12MCTL7 = 0x87
                0x00000088                __ADC12MCTL8 = 0x88
                0x00000089                __ADC12MCTL9 = 0x89
                0x0000008a                __ADC12MCTL10 = 0x8a
                0x0000008b                __ADC12MCTL11 = 0x8b
                0x0000008c                __ADC12MCTL12 = 0x8c
                0x0000008d                __ADC12MCTL13 = 0x8d
                0x0000008e                __ADC12MCTL14 = 0x8e
                0x0000008f                __ADC12MCTL15 = 0x8f
                0x000001c0                __DAC12_0CTL = 0x1c0
                0x000001c2                __DAC12_1CTL = 0x1c2
                0x000001c8                __DAC12_0DAT = 0x1c8
                0x000001ca                __DAC12_1DAT = 0x1ca
                0x00000122                __DMACTL0 = 0x122
                0x00000124                __DMACTL1 = 0x124
                0x000001e0                __DMA0CTL = 0x1e0
                0x000001e8                __DMA1CTL = 0x1e8
                0x000001f0                __DMA2CTL = 0x1f0
                0x000001e2                __DMA0SA = 0x1e2
                0x000001e4                __DMA0DA = 0x1e4
                0x000001e6                __DMA0SZ = 0x1e6
                0x000001ea                __DMA1SA = 0x1ea
                0x000001ec                __DMA1DA = 0x1ec
                0x000001ee                __DMA1SZ = 0x1ee
                0x000001f2                __DMA2SA = 0x1f2
                0x000001f4                __DMA2DA = 0x1f4
                0x000001f6                __DMA2SZ = 0x1f6

.hash
 *(.hash)

.dynsym
 *(.dynsym)

.dynstr
 *(.dynstr)

.gnu.version
 *(.gnu.version)

.gnu.version_d
 *(.gnu.version_d)

.gnu.version_r
 *(.gnu.version_r)

.rel.init
 *(.rel.init)

.rela.init
 *(.rela.init)

.rel.fini
 *(.rel.fini)

.rela.fini
 *(.rela.fini)

.rel.text
 *(.rel.text .rel.text.* .rel.gnu.linkonce.t.*)

.rela.text
 *(.rela.text .rela.text.* .rela.gnu.linkonce.t.*)

.rel.rodata
 *(.rel.rodata .rel.rodata.* .rel.gnu.linkonce.r.*)

.rela.rodata
 *(.rela.rodata .rela.rodata.* .rela.gnu.linkonce.r.*)

.rel.data
 *(.rel.data .rel.data.* .rel.gnu.linkonce.d.*)

.rela.data
 *(.rela.data .rela.data.* .rela.gnu.linkonce.d.*)

.rel.bss
 *(.rel.bss .rel.bss.* .rel.gnu.linkonce.b.*)

.rela.bss
 *(.rela.bss .rela.bss.* .rela.gnu.linkonce.b.*)

.rel.ctors
 *(.rel.ctors)

.rela.ctors
 *(.rela.ctors)

.rel.dtors
 *(.rel.dtors)

.rela.dtors
 *(.rela.dtors)

.rel.got
 *(.rel.got)

.rela.got
 *(.rela.got)

.rel.plt
 *(.rel.plt)

.rela.plt
 *(.rela.plt)

.text           0x00004000     0x9ed2
                0x00004000                . = ALIGN (0x2)
 *(.init .init.*)
 *(.init0)
 .init0         0x00004000        0x0 /usr/local/bin/../lib/gcc/msp430/4.7.2/mmpy-16/libcrt0.a(_reset_vector__.o)
                0x00004000                _reset_vector__
 *(.init1)
 .init1         0x00004000        0xc /usr/local/bin/../lib/gcc/msp430/4.7.2/mmpy-16/libcrt0.a(__watchdog_support.o)
                0x00004000                __watchdog_support
 *(.init2)
 .init2         0x0000400c        0x4 /usr/local/bin/../lib/gcc/msp430/4.7.2/mmpy-16/libcrt0.a(__init_stack.o)
                0x0000400c                __init_stack
 *(.init3)
 .init3         0x00004010        0x0 /usr/local/bin/../lib/gcc/msp430/4.7.2/mmpy-16/libcrt0.a(__low_level_init.o)
                0x00004010                __low_level_init
 *(.init4)
 .init4         0x00004010       0x18 /usr/local/bin/../lib/gcc/msp430/4.7.2/mmpy-16/libcrt0.a(_copy_data.o)
                0x00004010                __do_copy_data
 .init4         0x00004028       0x16 /usr/local/bin/../lib/gcc/msp430/4.7.2/mmpy-16/libcrt0.a(_clear_bss.o)
                0x00004028                __do_clear_bss
 *(.init5)
 *(.init6)
 *(.init7)
 *(.init8)
 *(.init9)
 .init9         0x0000403e      0x35e obj_sky/contiki-sky-main.o
                0x0000403e                main
 *(.fini9)
 .fini9         0x0000439c        0x0 /usr/local/bin/../lib/gcc/msp430/4.7.2/mmpy-16/libcrt0.a(__stop_progExec__.o)
                0x0000439c                __stop_progExec__
 *(.fini8)
 *(.fini7)
 *(.fini6)
 *(.fini5)
 *(.fini4)
 *(.fini3)
 *(.fini2)
 *(.fini1)
 *(.fini0)
 .fini0         0x0000439c        0x6 /usr/local/bin/../lib/gcc/msp430/4.7.2/mmpy-16/libcrt0.a(_endless_loop__.o)
                0x0000439c                _endless_loop__
 *(.fini .fini.*)
                0x000043a2                . = ALIGN (0x2)
                0x000043a2                __ctors_start = .
 *(.ctors)
                0x000043a2                __ctors_end = .
                0x000043a2                __dtors_start = .
 *(.dtors)
                0x000043a2                __dtors_end = .
                0x000043a2                . = ALIGN (0x2)
 *(.text .text.* .gnu.linkonce.t.*)
 .text          0x000043a2        0x4 /usr/local/bin/../lib/gcc/msp430/4.7.2/mmpy-16/crt0ivtbl16.o
                0x000043a2                __isr_14
                0x000043a2                __isr_11
                0x000043a2                __isr_2
                0x000043a2                __isr_7
                0x000043a2                __isr_0
                0x000043a2                __isr_8
                0x000043a2                __isr_3
                0x000043a2                __isr_12
                0x000043a2                __isr_13
                0x000043a2                __isr_9
 .text.process_thread_mcast_internal_seed_process
                0x000043a6      0x194 internal-seed-button.co
 .text.init_platform
                0x0000453a        0xc contiki-sky.a(contiki-sky-pla)
                0x0000453a                init_platform
 .text.status   0x00004546       0x18 contiki-sky.a(button-sensor.o)
 .text.value    0x0000455e       0x20 contiki-sky.a(button-sensor.o)
 .text.configure
                0x0000457e       0x4c contiki-sky.a(button-sensor.o)
 .text.irq_p2   0x000045ca       0x88 contiki-sky.a(button-sensor.o)
                0x000045ca                irq_p2
                0x000045ca                __isr_1
 .text.owreadb  0x00004652       0x50 contiki-sky.a(ds2411.o)
 .text.ds2411_init
                0x000046a2      0x120 contiki-sky.a(ds2411.o)
                0x000046a2                ds2411_init
 .text.wait_ready
                0x000047c2       0x4a contiki-sky.a(xmem.o)
 .text.xmem_init
                0x0000480c       0x3c contiki-sky.a(xmem.o)
                0x0000480c                xmem_init
 .text.xmem_pread
                0x00004848       0xda contiki-sky.a(xmem.o)
                0x00004848                xmem_pread
 .text.node_id_restore
                0x00004922       0x38 contiki-sky.a(node-id.o)
                0x00004922                node_id_restore
 .text.process_thread_sensors_process
                0x0000495a       0xc2 contiki-sky.a(sensors.o)
 .text.sensors_changed
                0x00004a1c       0x2a contiki-sky.a(sensors.o)
                0x00004a1c                sensors_changed
 .text.get_object
                0x00004a46        0x4 contiki-sky.a(cc2420.o)
 .text.set_object
                0x00004a4a        0x4 contiki-sky.a(cc2420.o)
 .text.strobe   0x00004a4e       0x1c contiki-sky.a(cc2420.o)
 .text.status   0x00004a6a       0x22 contiki-sky.a(cc2420.o)
 .text.getreg   0x00004a8c       0x4c contiki-sky.a(cc2420.o)
 .text.setreg   0x00004ad8       0x4c contiki-sky.a(cc2420.o)
 .text.write_ram
                0x00004b24       0x54 contiki-sky.a(cc2420.o)
 .text.set_txpower
                0x00004b78       0x24 contiki-sky.a(cc2420.o)
 .text.cc2420_receiving_packet
                0x00004b9c        0xc contiki-sky.a(cc2420.o)
 .text.pending_packet
                0x00004ba8        0x8 contiki-sky.a(cc2420.o)
 .text.wait_for_status
                0x00004bb0       0x28 contiki-sky.a(cc2420.o)
 .text.on       0x00004bd8       0x26 contiki-sky.a(cc2420.o)
 .text.getrxbyte
                0x00004bfe       0x3a contiki-sky.a(cc2420.o)
 .text.flushrx  0x00004c38       0x18 contiki-sky.a(cc2420.o)
 .text.getrxdata
                0x00004c50       0x50 contiki-sky.a(cc2420.o)
 .text.wait_for_not_status.constprop.5
                0x00004ca0       0x22 contiki-sky.a(cc2420.o)
 .text.off      0x00004cc2       0x56 contiki-sky.a(cc2420.o)
 .text.RELEASE_LOCK
                0x00004d18       0x28 contiki-sky.a(cc2420.o)
 .text.cc2420_prepare
                0x00004d40       0x82 contiki-sky.a(cc2420.o)
 .text.cc2420_on
                0x00004dc2       0x22 contiki-sky.a(cc2420.o)
                0x00004dc2                cc2420_on
 .text.cc2420_read
                0x00004de4       0xb2 contiki-sky.a(cc2420.o)
 .text.process_thread_cc2420_process
                0x00004e96       0x54 contiki-sky.a(cc2420.o)
 .text.cc2420_off
                0x00004eea       0x30 contiki-sky.a(cc2420.o)
                0x00004eea                cc2420_off
 .text.cc2420_cca
                0x00004f1a       0x68 contiki-sky.a(cc2420.o)
 .text.cc2420_set_channel
                0x00004f82       0x44 contiki-sky.a(cc2420.o)
                0x00004f82                cc2420_set_channel
 .text.cc2420_set_pan_addr
                0x00004fc6       0x7e contiki-sky.a(cc2420.o)
                0x00004fc6                cc2420_set_pan_addr
 .text.cc2420_interrupt
                0x00005044       0x1a contiki-sky.a(cc2420.o)
                0x00005044                cc2420_interrupt
 .text.cc2420_set_txpower
                0x0000505e        0xe contiki-sky.a(cc2420.o)
                0x0000505e                cc2420_set_txpower
 .text.set_value
                0x0000506c       0x74 contiki-sky.a(cc2420.o)
 .text.cc2420_get_txpower
                0x000050e0       0x1e contiki-sky.a(cc2420.o)
                0x000050e0                cc2420_get_txpower
 .text.cc2420_transmit
                0x000050fe      0x12a contiki-sky.a(cc2420.o)
 .text.cc2420_send
                0x00005228       0x12 contiki-sky.a(cc2420.o)
 .text.cc2420_rssi
                0x0000523a       0x48 contiki-sky.a(cc2420.o)
                0x0000523a                cc2420_rssi
 .text.get_value
                0x00005282       0x8a contiki-sky.a(cc2420.o)
 .text.cc2420_set_cca_threshold
                0x0000530c       0x16 contiki-sky.a(cc2420.o)
                0x0000530c                cc2420_set_cca_threshold
 .text.cc2420_init
                0x00005322       0xd2 contiki-sky.a(cc2420.o)
                0x00005322                cc2420_init
 .text.cc2420_port1_interrupt
                0x000053f4       0x62 contiki-sky.a(cc2420-arch.o)
                0x000053f4                __isr_4
                0x000053f4                cc2420_port1_interrupt
 .text.cc2420_arch_init
                0x00005456       0x1a contiki-sky.a(cc2420-arch.o)
                0x00005456                cc2420_arch_init
 .text.uart1_active
                0x00005470       0x18 contiki-sky.a(uart1.o)
                0x00005470                uart1_active
 .text.uart1_writeb
                0x00005488       0x18 contiki-sky.a(uart1.o)
                0x00005488                uart1_writeb
 .text.uart1_init
                0x000054a0       0xf4 contiki-sky.a(uart1.o)
                0x000054a0                uart1_init
 .text.putchar  0x00005594       0x10 contiki-sky.a(uart1-putchar.o)
                0x00005594                putchar
 .text.msp430_init_dco
                0x000055a4       0x82 contiki-sky.a(msp430.o)
                0x000055a4                msp430_init_dco
 .text.msp430_add_lpm_req
                0x00005626        0xc contiki-sky.a(msp430.o)
                0x00005626                msp430_add_lpm_req
 .text.msp430_cpu_init
                0x00005632       0x2a contiki-sky.a(msp430.o)
                0x00005632                msp430_cpu_init
 .text.splhigh_
                0x0000565c        0x8 contiki-sky.a(msp430.o)
                0x0000565c                splhigh_
 .text.msp430_sync_dco
                0x00005664       0x6c contiki-sky.a(msp430.o)
                0x00005664                msp430_sync_dco
 .text.timera1  0x000056d0       0xfe contiki-sky.a(clock.o)
                0x000056d0                __isr_5
                0x000056d0                timera1
 .text.clock_time
                0x000057ce       0x1a contiki-sky.a(clock.o)
                0x000057ce                clock_time
 .text.clock_init
                0x000057e8       0x28 contiki-sky.a(clock.o)
                0x000057e8                clock_init
 .text.clock_delay
                0x00005810        0xc contiki-sky.a(clock.o)
                0x00005810                clock_delay
 .text.clock_seconds
                0x0000581c       0x1a contiki-sky.a(clock.o)
                0x0000581c                clock_seconds
 .text.show_leds
                0x00005836       0xf0 contiki-sky.a(leds.o)
 .text.leds_init
                0x00005926        0xa contiki-sky.a(leds.o)
                0x00005926                leds_init
 .text.leds_on  0x00005930        0xa contiki-sky.a(leds.o)
                0x00005930                leds_on
 .text.leds_off
                0x0000593a        0xe contiki-sky.a(leds.o)
                0x0000593a                leds_off
 .text.leds_arch_init
                0x00005948        0xe contiki-sky.a(leds-arch.o)
                0x00005948                leds_arch_init
 .text.leds_arch_set
                0x00005956       0x38 contiki-sky.a(leds-arch.o)
                0x00005956                leds_arch_set
 .text.watchdog_interrupt
                0x0000598e        0x6 contiki-sky.a(watchdog.o)
                0x0000598e                __isr_10
                0x0000598e                watchdog_interrupt
 .text.watchdog_start
                0x00005994       0x14 contiki-sky.a(watchdog.o)
                0x00005994                watchdog_start
 .text.watchdog_periodic
                0x000059a8       0x12 contiki-sky.a(watchdog.o)
                0x000059a8                watchdog_periodic
 .text.watchdog_stop
                0x000059ba       0x16 contiki-sky.a(watchdog.o)
                0x000059ba                watchdog_stop
 .text.watchdog_init
                0x000059d0       0x12 contiki-sky.a(watchdog.o)
                0x000059d0                watchdog_init
 .text.rtimer_arch_init
                0x000059e2        0xe contiki-sky.a(rtimer-arch.o)
                0x000059e2                rtimer_arch_init
 .text.rtimer_arch_now
                0x000059f0        0xe contiki-sky.a(rtimer-arch.o)
                0x000059f0                rtimer_arch_now
 .text.timera0  0x000059fe       0x70 contiki-sky.a(rtimer-arch.o)
                0x000059fe                __isr_6
                0x000059fe                timera0
 .text.rtimer_arch_schedule
                0x00005a6e        0x6 contiki-sky.a(rtimer-arch.o)
                0x00005a6e                rtimer_arch_schedule
 .text.mcast_fwd_down
                0x00005a74       0x18 contiki-sky.a(bmrf.o)
 .text.mcast_fwd_down_delayed
                0x00005a8c       0x24 contiki-sky.a(bmrf.o)
 .text.out      0x00005ab0       0x3e contiki-sky.a(bmrf.o)
 .text.init     0x00005aee        0x6 contiki-sky.a(bmrf.o)
 .text.uip_ds6_route_lookup_from_nbr_ip
                0x00005af4       0x62 contiki-sky.a(bmrf.o)
                0x00005af4                uip_ds6_route_lookup_from_nbr_ip
 .text.in       0x00005b56      0x200 contiki-sky.a(bmrf.o)
 .text.uip_mcast6_route_lookup
                0x00005d56       0x40 contiki-sky.a(uip-mcast6-rout)
                0x00005d56                uip_mcast6_route_lookup
 .text.uip_mcast6_route_add
                0x00005d96       0x92 contiki-sky.a(uip-mcast6-rout)
                0x00005d96                uip_mcast6_route_add
 .text.uip_mcast6_route_rm
                0x00005e28       0x3c contiki-sky.a(uip-mcast6-rout)
                0x00005e28                uip_mcast6_route_rm
 .text.uip_mcast6_route_list_head
                0x00005e64        0xa contiki-sky.a(uip-mcast6-rout)
                0x00005e64                uip_mcast6_route_list_head
 .text.uip_mcast6_route_init
                0x00005e6e       0x12 contiki-sky.a(uip-mcast6-rout)
                0x00005e6e                uip_mcast6_route_init
 .text.autostart_start
                0x00005e80       0x16 contiki-sky.a(autostart.o)
                0x00005e80                autostart_start
 .text.process_thread_ctimer_process
                0x00005e96       0xa8 contiki-sky.a(ctimer.o)
 .text.ctimer_init
                0x00005f3e       0x18 contiki-sky.a(ctimer.o)
                0x00005f3e                ctimer_init
 .text.ctimer_set
                0x00005f56       0x5a contiki-sky.a(ctimer.o)
                0x00005f56                ctimer_set
 .text.ctimer_reset
                0x00005fb0       0x3a contiki-sky.a(ctimer.o)
                0x00005fb0                ctimer_reset
 .text.ctimer_stop
                0x00005fea       0x28 contiki-sky.a(ctimer.o)
                0x00005fea                ctimer_stop
 .text.energest_init
                0x00006012       0x26 contiki-sky.a(energest.o)
                0x00006012                energest_init
 .text.energest_type_time
                0x00006038       0x48 contiki-sky.a(energest.o)
                0x00006038                energest_type_time
 .text.energest_type_set
                0x00006080        0xe contiki-sky.a(energest.o)
                0x00006080                energest_type_set
 .text.energest_flush
                0x0000608e       0x48 contiki-sky.a(energest.o)
                0x0000608e                energest_flush
 .text.update_time
                0x000060d6       0x78 contiki-sky.a(etimer.o)
 .text.etimer_request_poll
                0x0000614e        0xa contiki-sky.a(etimer.o)
                0x0000614e                etimer_request_poll
 .text.process_thread_etimer_process
                0x00006158       0xcc contiki-sky.a(etimer.o)
 .text.add_timer
                0x00006224       0x40 contiki-sky.a(etimer.o)
 .text.etimer_set
                0x00006264       0x12 contiki-sky.a(etimer.o)
                0x00006264                etimer_set
 .text.etimer_reset
                0x00006276       0x12 contiki-sky.a(etimer.o)
                0x00006276                etimer_reset
 .text.etimer_expired
                0x00006288        0xe contiki-sky.a(etimer.o)
                0x00006288                etimer_expired
 .text.etimer_expiration_time
                0x00006296       0x14 contiki-sky.a(etimer.o)
                0x00006296                etimer_expiration_time
 .text.etimer_pending
                0x000062aa        0xc contiki-sky.a(etimer.o)
                0x000062aa                etimer_pending
 .text.etimer_next_expiration_time
                0x000062b6       0x16 contiki-sky.a(etimer.o)
                0x000062b6                etimer_next_expiration_time
 .text.etimer_stop
                0x000062cc       0x3e contiki-sky.a(etimer.o)
                0x000062cc                etimer_stop
 .text.call_process
                0x0000630a       0x46 contiki-sky.a(process.o)
 .text.exit_process
                0x00006350       0x96 contiki-sky.a(process.o)
 .text.do_poll  0x000063e6       0x30 contiki-sky.a(process.o)
 .text.process_alloc_event
                0x00006416        0xe contiki-sky.a(process.o)
                0x00006416                process_alloc_event
 .text.process_init
                0x00006424       0x1c contiki-sky.a(process.o)
                0x00006424                process_init
 .text.process_run
                0x00006440       0xa2 contiki-sky.a(process.o)
                0x00006440                process_run
 .text.process_nevents
                0x000064e2        0xe contiki-sky.a(process.o)
                0x000064e2                process_nevents
 .text.process_post
                0x000064f0       0x54 contiki-sky.a(process.o)
                0x000064f0                process_post
 .text.process_post_synch
                0x00006544       0x12 contiki-sky.a(process.o)
                0x00006544                process_post_synch
 .text.process_start
                0x00006556       0x36 contiki-sky.a(process.o)
                0x00006556                process_start
 .text.process_poll
                0x0000658c       0x18 contiki-sky.a(process.o)
                0x0000658c                process_poll
 .text.rtimer_init
                0x000065a4        0x6 contiki-sky.a(rtimer.o)
                0x000065a4                rtimer_init
 .text.rtimer_set
                0x000065aa       0x24 contiki-sky.a(rtimer.o)
                0x000065aa                rtimer_set
 .text.rtimer_run_next
                0x000065ce       0x26 contiki-sky.a(rtimer.o)
                0x000065ce                rtimer_run_next
 .text.timer_set
                0x000065f4       0x1c contiki-sky.a(timer.o)
                0x000065f4                timer_set
 .text.timer_reset
                0x00006610        0xe contiki-sky.a(timer.o)
                0x00006610                timer_reset
 .text.timer_expired
                0x0000661e       0x2a contiki-sky.a(timer.o)
                0x0000661e                timer_expired
 .text.list_init
                0x00006648        0x6 contiki-sky.a(list.o)
                0x00006648                list_init
 .text.list_head
                0x0000664e        0x4 contiki-sky.a(list.o)
                0x0000664e                list_head
 .text.list_tail
                0x00006652       0x12 contiki-sky.a(list.o)
                0x00006652                list_tail
 .text.list_remove
                0x00006664       0x34 contiki-sky.a(list.o)
                0x00006664                list_remove
 .text.list_push
                0x00006698       0x1a contiki-sky.a(list.o)
                0x00006698                list_push
 .text.list_add
                0x000066b2       0x2a contiki-sky.a(list.o)
                0x000066b2                list_add
 .text.list_length
                0x000066dc       0x10 contiki-sky.a(list.o)
                0x000066dc                list_length
 .text.list_item_next
                0x000066ec        0xc contiki-sky.a(list.o)
                0x000066ec                list_item_next
 .text.memb_init
                0x000066f8       0x36 contiki-sky.a(memb.o)
                0x000066f8                memb_init
 .text.memb_alloc
                0x0000672e       0x3e contiki-sky.a(memb.o)
                0x0000672e                memb_alloc
 .text.memb_free
                0x0000676c       0x3a contiki-sky.a(memb.o)
                0x0000676c                memb_free
 .text.memb_inmemb
                0x000067a6       0x2a contiki-sky.a(memb.o)
                0x000067a6                memb_inmemb
 .text.random_init
                0x000067d0        0x6 contiki-sky.a(random.o)
                0x000067d0                random_init
 .text.random_rand
                0x000067d6        0x6 contiki-sky.a(random.o)
                0x000067d6                random_rand
 .text.uip_ds6_list_loop
                0x000067dc       0x86 contiki-sky.a(uip-ds6.o)
                0x000067dc                uip_ds6_list_loop
 .text.uip_ds6_prefix_add
                0x00006862       0x80 contiki-sky.a(uip-ds6.o)
                0x00006862                uip_ds6_prefix_add
 .text.uip_ds6_is_addr_onlink
                0x000068e2       0x54 contiki-sky.a(uip-ds6.o)
                0x000068e2                uip_ds6_is_addr_onlink
 .text.uip_ds6_addr_lookup
                0x00006936       0x2a contiki-sky.a(uip-ds6.o)
                0x00006936                uip_ds6_addr_lookup
 .text.uip_ds6_get_link_local
                0x00006960       0x3e contiki-sky.a(uip-ds6.o)
                0x00006960                uip_ds6_get_link_local
 .text.uip_ds6_maddr_add
                0x0000699e       0x4c contiki-sky.a(uip-ds6.o)
                0x0000699e                uip_ds6_maddr_add
 .text.uip_ds6_addr_add
                0x000069ea       0xc4 contiki-sky.a(uip-ds6.o)
                0x000069ea                uip_ds6_addr_add
 .text.uip_ds6_maddr_rm
                0x00006aae       0x14 contiki-sky.a(uip-ds6.o)
                0x00006aae                uip_ds6_maddr_rm
 .text.uip_ds6_maddr_lookup
                0x00006ac2       0x2a contiki-sky.a(uip-ds6.o)
                0x00006ac2                uip_ds6_maddr_lookup
 .text.uip_ds6_addr_rm
                0x00006aec       0x54 contiki-sky.a(uip-ds6.o)
                0x00006aec                uip_ds6_addr_rm
 .text.uip_ds6_periodic
                0x00006b40       0x4a contiki-sky.a(uip-ds6.o)
                0x00006b40                uip_ds6_periodic
 .text.uip_ds6_set_addr_iid
                0x00006b8a       0x14 contiki-sky.a(uip-ds6.o)
                0x00006b8a                uip_ds6_set_addr_iid
 .text.get_match_length
                0x00006b9e       0x44 contiki-sky.a(uip-ds6.o)
                0x00006b9e                get_match_length
 .text.uip_ds6_select_src
                0x00006be2       0xaa contiki-sky.a(uip-ds6.o)
                0x00006be2                uip_ds6_select_src
 .text.uip_ds6_compute_reachable_time
                0x00006c8c       0x3e contiki-sky.a(uip-ds6.o)
                0x00006c8c                uip_ds6_compute_reachable_time
 .text.uip_ds6_init
                0x00006cca      0x154 contiki-sky.a(uip-ds6.o)
                0x00006cca                uip_ds6_init
 .text.call_route_callback
                0x00006e1e       0x4c contiki-sky.a(uip-ds6-route.o)
 .text.uip_ds6_route_init
                0x00006e6a       0x36 contiki-sky.a(uip-ds6-route.o)
                0x00006e6a                uip_ds6_route_init
 .text.uip_ds6_route_nexthop
                0x00006ea0       0x1a contiki-sky.a(uip-ds6-route.o)
                0x00006ea0                uip_ds6_route_nexthop
 .text.uip_ds6_route_head
                0x00006eba        0xa contiki-sky.a(uip-ds6-route.o)
                0x00006eba                uip_ds6_route_head
 .text.uip_ds6_route_next
                0x00006ec4        0xe contiki-sky.a(uip-ds6-route.o)
                0x00006ec4                uip_ds6_route_next
 .text.uip_ds6_route_lookup
                0x00006ed2       0x76 contiki-sky.a(uip-ds6-route.o)
                0x00006ed2                uip_ds6_route_lookup
 .text.uip_ds6_route_rm
                0x00006f48       0xa6 contiki-sky.a(uip-ds6-route.o)
                0x00006f48                uip_ds6_route_rm
 .text.rm_routelist
                0x00006fee       0x34 contiki-sky.a(uip-ds6-route.o)
 .text.rm_routelist_callback
                0x00007022        0x6 contiki-sky.a(uip-ds6-route.o)
 .text.uip_ds6_route_add
                0x00007028       0xe8 contiki-sky.a(uip-ds6-route.o)
                0x00007028                uip_ds6_route_add
 .text.uip_ds6_defrt_rm
                0x00007110       0x48 contiki-sky.a(uip-ds6-route.o)
                0x00007110                uip_ds6_defrt_rm
 .text.uip_ds6_defrt_lookup
                0x00007158       0x36 contiki-sky.a(uip-ds6-route.o)
                0x00007158                uip_ds6_defrt_lookup
 .text.uip_ds6_defrt_add
                0x0000718e       0x74 contiki-sky.a(uip-ds6-route.o)
                0x0000718e                uip_ds6_defrt_add
 .text.uip_ds6_defrt_choose
                0x00007202       0x3a contiki-sky.a(uip-ds6-route.o)
                0x00007202                uip_ds6_defrt_choose
 .text.uip_ds6_defrt_periodic
                0x0000723c       0x38 contiki-sky.a(uip-ds6-route.o)
                0x0000723c                uip_ds6_defrt_periodic
 .text.chksum   0x00007274       0x32 contiki-sky.a(uip6.o)
 .text.upper_layer_chksum
                0x000072a6       0x56 contiki-sky.a(uip6.o)
 .text.ext_hdr_options_process
                0x000072fc       0xd0 contiki-sky.a(uip6.o)
 .text.uip_icmp6chksum
                0x000073cc        0xa contiki-sky.a(uip6.o)
                0x000073cc                uip_icmp6chksum
 .text.uip_udpchksum
                0x000073d6        0xa contiki-sky.a(uip6.o)
                0x000073d6                uip_udpchksum
 .text.uip_init
                0x000073e0       0x46 contiki-sky.a(uip6.o)
                0x000073e0                uip_init
 .text.remove_ext_hdr
                0x00007426       0x58 contiki-sky.a(uip6.o)
                0x00007426                remove_ext_hdr
 .text.uip_udp_new
                0x0000747e       0xe4 contiki-sky.a(uip6.o)
                0x0000747e                uip_udp_new
 .text.uip_process
                0x00007562      0x4b4 contiki-sky.a(uip6.o)
                0x00007562                uip_process
 .text.uip_htons
                0x00007a16        0xc contiki-sky.a(uip6.o)
                0x00007a16                uip_htons
 .text.uip_htonl
                0x00007a22       0x2e contiki-sky.a(uip6.o)
                0x00007a22                uip_htonl
 .text.uip_ds6_nbr_rm
                0x00007a50       0x1a contiki-sky.a(uip-ds6-nbr.o)
                0x00007a50                uip_ds6_nbr_rm
 .text.uip_ds6_neighbors_init
                0x00007a6a        0xe contiki-sky.a(uip-ds6-nbr.o)
                0x00007a6a                uip_ds6_neighbors_init
 .text.uip_ds6_nbr_add
                0x00007a78       0x60 contiki-sky.a(uip-ds6-nbr.o)
                0x00007a78                uip_ds6_nbr_add
 .text.uip_ds6_nbr_get_ll
                0x00007ad8        0xc contiki-sky.a(uip-ds6-nbr.o)
                0x00007ad8                uip_ds6_nbr_get_ll
 .text.uip_ds6_nbr_lookup
                0x00007ae4       0x42 contiki-sky.a(uip-ds6-nbr.o)
                0x00007ae4                uip_ds6_nbr_lookup
 .text.uip_ds6_nbr_ll_lookup
                0x00007b26        0xc contiki-sky.a(uip-ds6-nbr.o)
                0x00007b26                uip_ds6_nbr_ll_lookup
 .text.uip_ds6_nbr_ipaddr_from_lladdr
                0x00007b32        0x6 contiki-sky.a(uip-ds6-nbr.o)
                0x00007b32                uip_ds6_nbr_ipaddr_from_lladdr
 .text.uip_ds6_nbr_lladdr_from_ipaddr
                0x00007b38       0x12 contiki-sky.a(uip-ds6-nbr.o)
                0x00007b38                uip_ds6_nbr_lladdr_from_ipaddr
 .text.uip_ds6_link_neighbor_callback
                0x00007b4a       0x2a contiki-sky.a(uip-ds6-nbr.o)
                0x00007b4a                uip_ds6_link_neighbor_callback
 .text.uip_ds6_neighbor_periodic
                0x00007b74       0x38 contiki-sky.a(uip-ds6-nbr.o)
                0x00007b74                uip_ds6_neighbor_periodic
 .text.uip_nd6_init
                0x00007bac        0x2 contiki-sky.a(uip-nd6.o)
                0x00007bac                uip_nd6_init
 .text.set_packet_attrs
                0x00007bae       0x46 contiki-sky.a(sicslowpan.o)
 .text.addr_context_lookup_by_number
                0x00007bf4       0x32 contiki-sky.a(sicslowpan.o)
 .text.compress_addr_64
                0x00007c26       0xae contiki-sky.a(sicslowpan.o)
 .text.uncompress_addr
                0x00007cd4       0xb4 contiki-sky.a(sicslowpan.o)
 .text.input    0x00007d88      0x64e contiki-sky.a(sicslowpan.o)
 .text.sicslowpan_init
                0x000083d6       0x26 contiki-sky.a(sicslowpan.o)
                0x000083d6                sicslowpan_init
 .text.addr_context_lookup_by_prefix
                0x000083fc       0x4c contiki-sky.a(sicslowpan.o)
 .text.packet_sent
                0x00008448       0x22 contiki-sky.a(sicslowpan.o)
 .text.send_packet
                0x0000846a       0x1a contiki-sky.a(sicslowpan.o)
 .text.output   0x00008484      0x6d0 contiki-sky.a(sicslowpan.o)
 .text.create_frame.isra.0
                0x00008b54      0x118 contiki-sky.a(framer-802154.o)
 .text.create   0x00008c6c        0x8 contiki-sky.a(framer-802154.o)
 .text.hdr_length
                0x00008c74        0x8 contiki-sky.a(framer-802154.o)
 .text.parse    0x00008c7c       0xa6 contiki-sky.a(framer-802154.o)
 .text.input_packet
                0x00008d22        0x6 contiki-sky.a(csma.o)
 .text.on       0x00008d28        0x6 contiki-sky.a(csma.o)
 .text.off      0x00008d2e        0x6 contiki-sky.a(csma.o)
 .text.channel_check_interval
                0x00008d34       0x10 contiki-sky.a(csma.o)
 .text.transmit_packet_list
                0x00008d44       0x24 contiki-sky.a(csma.o)
 .text.init     0x00008d68       0x1a contiki-sky.a(csma.o)
 .text.send_packet
                0x00008d82      0x176 contiki-sky.a(csma.o)
 .text.free_packet
                0x00008ef8       0x9a contiki-sky.a(csma.o)
 .text.packet_sent
                0x00008f92      0x130 contiki-sky.a(csma.o)
 .text.field_len
                0x000090c2       0x90 contiki-sky.a(frame802154.o)
 .text.frame802154_hdrlen
                0x00009152       0x2e contiki-sky.a(frame802154.o)
                0x00009152                frame802154_hdrlen
 .text.frame802154_create
                0x00009180      0x172 contiki-sky.a(frame802154.o)
                0x00009180                frame802154_create
 .text.frame802154_parse
                0x000092f2      0x1c4 contiki-sky.a(frame802154.o)
                0x000092f2                frame802154_parse
 .text.mac_call_sent_callback
                0x000094b6       0x14 contiki-sky.a(mac.o)
                0x000094b6                mac_call_sent_callback
 .text.queuebuf_init
                0x000094ca       0x1a contiki-sky.a(queuebuf.o)
                0x000094ca                queuebuf_init
 .text.queuebuf_new_from_packetbuf
                0x000094e4       0x7e contiki-sky.a(queuebuf.o)
                0x000094e4                queuebuf_new_from_packetbuf
 .text.queuebuf_update_attr_from_packetbuf
                0x00009562       0x12 contiki-sky.a(queuebuf.o)
                0x00009562                queuebuf_update_attr_from_packetbuf
 .text.queuebuf_free
                0x00009574       0x40 contiki-sky.a(queuebuf.o)
                0x00009574                queuebuf_free
 .text.queuebuf_to_packetbuf
                0x000095b4       0x6e contiki-sky.a(queuebuf.o)
                0x000095b4                queuebuf_to_packetbuf
 .text.queuebuf_attr
                0x00009622        0xe contiki-sky.a(queuebuf.o)
                0x00009622                queuebuf_attr
 .text.item_from_index
                0x00009630       0x2a contiki-sky.a(nbr-table.o)
 .text.index_from_key
                0x0000965a       0x26 contiki-sky.a(nbr-table.o)
 .text.index_from_item
                0x00009680       0x1e contiki-sky.a(nbr-table.o)
 .text.nbr_set_bit
                0x0000969e       0x58 contiki-sky.a(nbr-table.o)
 .text.index_from_lladdr
                0x000096f6       0x42 contiki-sky.a(nbr-table.o)
 .text.nbr_get_bit.constprop.0
                0x00009738       0x2e contiki-sky.a(nbr-table.o)
 .text.nbr_table_register
                0x00009766       0x26 contiki-sky.a(nbr-table.o)
                0x00009766                nbr_table_register
 .text.nbr_table_next
                0x0000978c       0x54 contiki-sky.a(nbr-table.o)
                0x0000978c                nbr_table_next
 .text.nbr_table_head
                0x000097e0       0x3a contiki-sky.a(nbr-table.o)
                0x000097e0                nbr_table_head
 .text.nbr_table_add_lladdr
                0x0000981a      0x128 contiki-sky.a(nbr-table.o)
                0x0000981a                nbr_table_add_lladdr
 .text.nbr_table_get_from_lladdr
                0x00009942       0x2c contiki-sky.a(nbr-table.o)
                0x00009942                nbr_table_get_from_lladdr
 .text.nbr_table_remove
                0x0000996e       0x32 contiki-sky.a(nbr-table.o)
                0x0000996e                nbr_table_remove
 .text.nbr_table_lock
                0x000099a0       0x10 contiki-sky.a(nbr-table.o)
                0x000099a0                nbr_table_lock
 .text.nbr_table_unlock
                0x000099b0       0x10 contiki-sky.a(nbr-table.o)
                0x000099b0                nbr_table_unlock
 .text.nbr_table_get_lladdr
                0x000099c0       0x22 contiki-sky.a(nbr-table.o)
                0x000099c0                nbr_table_get_lladdr
 .text.packetbuf_copyto_hdr
                0x000099e2       0x1c contiki-sky.a(packetbuf.o)
                0x000099e2                packetbuf_copyto_hdr
 .text.packetbuf_copyto
                0x000099fe       0x52 contiki-sky.a(packetbuf.o)
                0x000099fe                packetbuf_copyto
 .text.packetbuf_hdr_remove
                0x00009a50        0x6 contiki-sky.a(packetbuf.o)
                0x00009a50                packetbuf_hdr_remove
 .text.packetbuf_hdrreduce
                0x00009a56       0x1a contiki-sky.a(packetbuf.o)
                0x00009a56                packetbuf_hdrreduce
 .text.packetbuf_set_datalen
                0x00009a70        0x6 contiki-sky.a(packetbuf.o)
                0x00009a70                packetbuf_set_datalen
 .text.packetbuf_dataptr
                0x00009a76        0xe contiki-sky.a(packetbuf.o)
                0x00009a76                packetbuf_dataptr
 .text.packetbuf_hdrptr
                0x00009a84        0xa contiki-sky.a(packetbuf.o)
                0x00009a84                packetbuf_hdrptr
 .text.packetbuf_is_reference
                0x00009a8e        0xe contiki-sky.a(packetbuf.o)
                0x00009a8e                packetbuf_is_reference
 .text.packetbuf_compact
                0x00009a9c       0x48 contiki-sky.a(packetbuf.o)
                0x00009a9c                packetbuf_compact
 .text.packetbuf_reference_ptr
                0x00009ae4        0x6 contiki-sky.a(packetbuf.o)
                0x00009ae4                packetbuf_reference_ptr
 .text.packetbuf_datalen
                0x00009aea        0x6 contiki-sky.a(packetbuf.o)
                0x00009aea                packetbuf_datalen
 .text.packetbuf_totlen
                0x00009af0       0x10 contiki-sky.a(packetbuf.o)
                0x00009af0                packetbuf_totlen
 .text.packetbuf_hdralloc
                0x00009b00       0x2e contiki-sky.a(packetbuf.o)
                0x00009b00                packetbuf_hdralloc
 .text.packetbuf_attr_clear
                0x00009b2e       0x30 contiki-sky.a(packetbuf.o)
                0x00009b2e                packetbuf_attr_clear
 .text.packetbuf_clear
                0x00009b5e       0x1a contiki-sky.a(packetbuf.o)
                0x00009b5e                packetbuf_clear
 .text.packetbuf_copyfrom
                0x00009b78       0x2e contiki-sky.a(packetbuf.o)
                0x00009b78                packetbuf_copyfrom
 .text.packetbuf_attr_copyto
                0x00009ba6       0x22 contiki-sky.a(packetbuf.o)
                0x00009ba6                packetbuf_attr_copyto
 .text.packetbuf_attr_copyfrom
                0x00009bc8       0x24 contiki-sky.a(packetbuf.o)
                0x00009bc8                packetbuf_attr_copyfrom
 .text.linkaddr_copy
                0x00009bec        0x8 contiki-sky.a(linkaddr.o)
                0x00009bec                linkaddr_copy
 .text.linkaddr_cmp
                0x00009bf4       0x12 contiki-sky.a(linkaddr.o)
                0x00009bf4                linkaddr_cmp
 .text.linkaddr_set_node_addr
                0x00009c06        0xc contiki-sky.a(linkaddr.o)
                0x00009c06                linkaddr_set_node_addr
 .text.uip_debug_ipaddr_print
                0x00009c12       0x7e contiki-sky.a(uip-debug.o)
                0x00009c12                uip_debug_ipaddr_print
 .text.uip_udp_packet_send
                0x00009c90       0x4a contiki-sky.a(uip-udp-packet.)
                0x00009c90                uip_udp_packet_send
 .text.tcpip_output
                0x00009cda       0x10 contiki-sky.a(tcpip.o)
                0x00009cda                tcpip_output
 .text.tcpip_set_outputfunc
                0x00009cea        0x6 contiki-sky.a(tcpip.o)
                0x00009cea                tcpip_set_outputfunc
 .text.udp_new  0x00009cf0       0x1a contiki-sky.a(tcpip.o)
                0x00009cf0                udp_new
 .text.tcpip_input
                0x00009d0a       0x16 contiki-sky.a(tcpip.o)
                0x00009d0a                tcpip_input
 .text.tcpip_ipv6_output
                0x00009d20       0xd4 contiki-sky.a(tcpip.o)
                0x00009d20                tcpip_ipv6_output
 .text.process_thread_tcpip_process
                0x00009df4       0xd4 contiki-sky.a(tcpip.o)
 .text.tcpip_uipcall
                0x00009ec8       0x2a contiki-sky.a(tcpip.o)
                0x00009ec8                tcpip_uipcall
 .text.lollipop_greater_than
                0x00009ef2       0x3c contiki-sky.a(rpl-dag.o)
 .text.find_parent_any_dag_any_instance
                0x00009f2e       0x14 contiki-sky.a(rpl-dag.o)
 .text.rpl_set_preferred_parent
                0x00009f42       0x30 contiki-sky.a(rpl-dag.o)
 .text.set_ip_from_prefix
                0x00009f72       0x38 contiki-sky.a(rpl-dag.o)
 .text.check_prefix
                0x00009faa       0x80 contiki-sky.a(rpl-dag.o)
 .text.rpl_dag_init
                0x0000a02a        0xe contiki-sky.a(rpl-dag.o)
                0x0000a02a                rpl_dag_init
 .text.rpl_get_parent_ipaddr
                0x0000a038       0x10 contiki-sky.a(rpl-dag.o)
                0x0000a038                rpl_get_parent_ipaddr
 .text.rpl_set_prefix
                0x0000a048       0x8e contiki-sky.a(rpl-dag.o)
                0x0000a048                rpl_set_prefix
 .text.rpl_set_default_route
                0x0000a0d6       0x64 contiki-sky.a(rpl-dag.o)
                0x0000a0d6                rpl_set_default_route
 .text.rpl_alloc_instance
                0x0000a13a       0x2c contiki-sky.a(rpl-dag.o)
                0x0000a13a                rpl_alloc_instance
 .text.rpl_add_parent
                0x0000a166       0x40 contiki-sky.a(rpl-dag.o)
                0x0000a166                rpl_add_parent
 .text.rpl_find_parent
                0x0000a1a6       0x1c contiki-sky.a(rpl-dag.o)
                0x0000a1a6                rpl_find_parent
 .text.rpl_find_parent_any_dag
                0x0000a1c2       0x24 contiki-sky.a(rpl-dag.o)
                0x0000a1c2                rpl_find_parent_any_dag
 .text.rpl_select_parent
                0x0000a1e6       0x62 contiki-sky.a(rpl-dag.o)
                0x0000a1e6                rpl_select_parent
 .text.rpl_select_dag
                0x0000a248      0x1ae contiki-sky.a(rpl-dag.o)
                0x0000a248                rpl_select_dag
 .text.rpl_nullify_parent
                0x0000a3f6       0x4e contiki-sky.a(rpl-dag.o)
                0x0000a3f6                rpl_nullify_parent
 .text.rpl_remove_parent
                0x0000a444       0x16 contiki-sky.a(rpl-dag.o)
                0x0000a444                rpl_remove_parent
 .text.nbr_callback
                0x0000a45a        0x6 contiki-sky.a(rpl-dag.o)
 .text.remove_parents.constprop.5
                0x0000a460       0x32 contiki-sky.a(rpl-dag.o)
 .text.rpl_free_dag
                0x0000a492       0x34 contiki-sky.a(rpl-dag.o)
                0x0000a492                rpl_free_dag
 .text.rpl_free_instance
                0x0000a4c6       0x5c contiki-sky.a(rpl-dag.o)
                0x0000a4c6                rpl_free_instance
 .text.rpl_move_parent
                0x0000a522       0x5a contiki-sky.a(rpl-dag.o)
                0x0000a522                rpl_move_parent
 .text.rpl_get_any_dag
                0x0000a57c       0x16 contiki-sky.a(rpl-dag.o)
                0x0000a57c                rpl_get_any_dag
 .text.rpl_get_instance
                0x0000a592       0x16 contiki-sky.a(rpl-dag.o)
                0x0000a592                rpl_get_instance
 .text.get_dag  0x0000a5a8       0x58 contiki-sky.a(rpl-dag.o)
 .text.rpl_alloc_dag
                0x0000a600       0x66 contiki-sky.a(rpl-dag.o)
                0x0000a600                rpl_alloc_dag
 .text.rpl_repair_root
                0x0000a666       0x4c contiki-sky.a(rpl-dag.o)
                0x0000a666                rpl_repair_root
 .text.rpl_find_of
                0x0000a6b2       0x10 contiki-sky.a(rpl-dag.o)
                0x0000a6b2                rpl_find_of
 .text.rpl_join_instance
                0x0000a6c2      0x13c contiki-sky.a(rpl-dag.o)
                0x0000a6c2                rpl_join_instance
 .text.rpl_local_repair
                0x0000a7fe       0x80 contiki-sky.a(rpl-dag.o)
                0x0000a7fe                rpl_local_repair
 .text.rpl_process_parent_event
                0x0000a87e       0x80 contiki-sky.a(rpl-dag.o)
                0x0000a87e                rpl_process_parent_event
 .text.rpl_recalculate_ranks
                0x0000a8fe       0x46 contiki-sky.a(rpl-dag.o)
                0x0000a8fe                rpl_recalculate_ranks
 .text.rpl_add_dag
                0x0000a944      0x112 contiki-sky.a(rpl-dag.o)
                0x0000a944                rpl_add_dag
 .text.rpl_process_dio
                0x0000aa56      0x28a contiki-sky.a(rpl-dag.o)
                0x0000aa56                rpl_process_dio
 .text.rpl_lock_parent
                0x0000ace0        0xc contiki-sky.a(rpl-dag.o)
                0x0000ace0                rpl_lock_parent
 .text.set_dao_lifetime_timer
                0x0000acec       0x66 contiki-sky.a(rpl-timers.o)
 .text.new_dio_interval
                0x0000ad52       0x92 contiki-sky.a(rpl-timers.o)
 .text.handle_dao_timer
                0x0000ade4      0x168 contiki-sky.a(rpl-timers.o)
 .text.handle_periodic_timer
                0x0000af4c       0x2e contiki-sky.a(rpl-timers.o)
 .text.schedule_dao
                0x0000af7a       0x82 contiki-sky.a(rpl-timers.o)
 .text.handle_dio_timer
                0x0000affc       0x82 contiki-sky.a(rpl-timers.o)
 .text.rpl_reset_periodic_timer
                0x0000b07e       0x54 contiki-sky.a(rpl-timers.o)
                0x0000b07e                rpl_reset_periodic_timer
 .text.rpl_reset_dio_timer
                0x0000b0d2       0x18 contiki-sky.a(rpl-timers.o)
                0x0000b0d2                rpl_reset_dio_timer
 .text.rpl_schedule_dao
                0x0000b0ea        0xc contiki-sky.a(rpl-timers.o)
                0x0000b0ea                rpl_schedule_dao
 .text.rpl_schedule_dao_immediately
                0x0000b0f6        0xa contiki-sky.a(rpl-timers.o)
                0x0000b0f6                rpl_schedule_dao_immediately
 .text.rpl_schedule_dao_immediately_default_instance
                0x0000b100        0xe contiki-sky.a(rpl-timers.o)
                0x0000b100                rpl_schedule_dao_immediately_default_instance
 .text.rpl_verify_header
                0x0000b10e       0xb4 contiki-sky.a(rpl-ext-header.)
                0x0000b10e                rpl_verify_header
 .text.rpl_update_header_empty
                0x0000b1c2       0xf8 contiki-sky.a(rpl-ext-header.)
                0x0000b1c2                rpl_update_header_empty
 .text.rpl_update_header_final
                0x0000b2ba       0x88 contiki-sky.a(rpl-ext-header.)
                0x0000b2ba                rpl_update_header_final
 .text.rpl_invert_header
                0x0000b342       0x4e contiki-sky.a(rpl-ext-header.)
                0x0000b342                rpl_invert_header
 .text.rpl_insert_header
                0x0000b390       0x1c contiki-sky.a(rpl-ext-header.)
                0x0000b390                rpl_insert_header
 .text.rpl_get_mode
                0x0000b3ac        0x6 contiki-sky.a(rpl.o)
                0x0000b3ac                rpl_get_mode
 .text.rpl_purge_routes
                0x0000b3b2      0x12c contiki-sky.a(rpl.o)
                0x0000b3b2                rpl_purge_routes
 .text.rpl_remove_routes
                0x0000b4de       0x3c contiki-sky.a(rpl.o)
                0x0000b4de                rpl_remove_routes
 .text.rpl_remove_routes_by_nexthop
                0x0000b51a       0x46 contiki-sky.a(rpl.o)
                0x0000b51a                rpl_remove_routes_by_nexthop
 .text.rpl_add_route
                0x0000b560       0x48 contiki-sky.a(rpl.o)
                0x0000b560                rpl_add_route
 .text.rpl_link_neighbor_callback
                0x0000b5a8       0x6a contiki-sky.a(rpl.o)
                0x0000b5a8                rpl_link_neighbor_callback
 .text.rpl_ipv6_neighbor_callback
                0x0000b612       0x1e contiki-sky.a(rpl.o)
                0x0000b612                rpl_ipv6_neighbor_callback
 .text.rpl_init
                0x0000b630       0x4a contiki-sky.a(rpl.o)
                0x0000b630                rpl_init
 .text.reset    0x0000b67a        0x2 contiki-sky.a(rpl-mrhof.o)
 .text.neighbor_link_callback
                0x0000b67c       0x92 contiki-sky.a(rpl-mrhof.o)
 .text.calculate_rank
                0x0000b70e       0x2c contiki-sky.a(rpl-mrhof.o)
 .text.update_metric_container
                0x0000b73a        0x6 contiki-sky.a(rpl-mrhof.o)
 .text.best_dag
                0x0000b740       0x2e contiki-sky.a(rpl-mrhof.o)
 .text.best_parent
                0x0000b76e       0x52 contiki-sky.a(rpl-mrhof.o)
 .text.duty_cycle
                0x0000b7c0        0x4 contiki-sky.a(contikimac.o)
 .text.init     0x0000b7c4       0x2e contiki-sky.a(contikimac.o)
 .text.on       0x0000b7f2       0x1a contiki-sky.a(contikimac.o)
 .text.off      0x0000b80c       0x22 contiki-sky.a(contikimac.o)
 .text.recv_burst_off
                0x0000b82e        0xa contiki-sky.a(contikimac.o)
 .text.turn_off
                0x0000b838       0x20 contiki-sky.a(contikimac.o)
 .text.turn_on  0x0000b858       0x30 contiki-sky.a(contikimac.o)
 .text.schedule_powercycle_fixed.part.4
                0x0000b888       0x34 contiki-sky.a(contikimac.o)
 .text.powercycle_turn_radio_off
                0x0000b8bc       0x30 contiki-sky.a(contikimac.o)
 .text.input_packet
                0x0000b8ec       0xaa contiki-sky.a(contikimac.o)
 .text.send_packet
                0x0000b996      0x2ac contiki-sky.a(contikimac.o)
 .text.qsend_list
                0x0000bc42       0x82 contiki-sky.a(contikimac.o)
 .text.qsend_packet
                0x0000bcc4       0x28 contiki-sky.a(contikimac.o)
 .text.powercycle
                0x0000bcec      0x1de contiki-sky.a(contikimac.o)
 .text.spi_init
                0x0000beca       0x30 contiki-sky.a(spi.o)
                0x0000beca                spi_init
 .text.stimer_set
                0x0000befa       0x1c contiki-sky.a(stimer.o)
                0x0000befa                stimer_set
 .text.stimer_expired
                0x0000bf16       0x30 contiki-sky.a(stimer.o)
                0x0000bf16                stimer_expired
 .text.compower_accumulate
                0x0000bf46       0x72 contiki-sky.a(compower.o)
                0x0000bf46                compower_accumulate
 .text.compower_clear
                0x0000bfb8       0x12 contiki-sky.a(compower.o)
                0x0000bfb8                compower_clear
 .text.compower_attrconv
                0x0000bfca       0x10 contiki-sky.a(compower.o)
                0x0000bfca                compower_attrconv
 .text.echo_reply_input
                0x0000bfda      0x110 contiki-sky.a(uip-icmp6.o)
 .text.echo_request_input
                0x0000c0ea      0x12c contiki-sky.a(uip-icmp6.o)
 .text.uip_icmp6_input
                0x0000c216       0x48 contiki-sky.a(uip-icmp6.o)
                0x0000c216                uip_icmp6_input
 .text.uip_icmp6_register_input_handler
                0x0000c25e        0xc contiki-sky.a(uip-icmp6.o)
                0x0000c25e                uip_icmp6_register_input_handler
 .text.uip_icmp6_error_output
                0x0000c26a      0x17e contiki-sky.a(uip-icmp6.o)
                0x0000c26a                uip_icmp6_error_output
 .text.uip_icmp6_send
                0x0000c3e8       0x94 contiki-sky.a(uip-icmp6.o)
                0x0000c3e8                uip_icmp6_send
 .text.uip_icmp6_init
                0x0000c47c       0x12 contiki-sky.a(uip-icmp6.o)
                0x0000c47c                uip_icmp6_init
 .text.mac_sequence_is_duplicate
                0x0000c48e       0x44 contiki-sky.a(mac-sequence.o)
                0x0000c48e                mac_sequence_is_duplicate
 .text.mac_sequence_register_seqno
                0x0000c4d2       0x72 contiki-sky.a(mac-sequence.o)
                0x0000c4d2                mac_sequence_register_seqno
 .text.send_packet
                0x0000c544       0x44 contiki-sky.a(phase.o)
 .text.phase_update
                0x0000c588       0x92 contiki-sky.a(phase.o)
                0x0000c588                phase_update
 .text.phase_wait
                0x0000c61a       0xf2 contiki-sky.a(phase.o)
                0x0000c61a                phase_wait
 .text.phase_init
                0x0000c70c       0x14 contiki-sky.a(phase.o)
                0x0000c70c                phase_init
 .text.get32    0x0000c720       0x46 contiki-sky.a(rpl-icmp6.o)
 .text.set32    0x0000c766       0x2a contiki-sky.a(rpl-icmp6.o)
 .text.get16    0x0000c790        0xe contiki-sky.a(rpl-icmp6.o)
 .text.set16    0x0000c79e       0x10 contiki-sky.a(rpl-icmp6.o)
 .text.dao_ack_input
                0x0000c7ae        0x6 contiki-sky.a(rpl-icmp6.o)
 .text.dio_input
                0x0000c7b4      0x2d8 contiki-sky.a(rpl-icmp6.o)
 .text.dis_output
                0x0000ca8c       0x50 contiki-sky.a(rpl-icmp6.o)
                0x0000ca8c                dis_output
 .text.dio_output
                0x0000cadc      0x264 contiki-sky.a(rpl-icmp6.o)
                0x0000cadc                dio_output
 .text.dis_input
                0x0000cd40       0x28 contiki-sky.a(rpl-icmp6.o)
 .text.dao_output_target
                0x0000cd68       0xe2 contiki-sky.a(rpl-icmp6.o)
                0x0000cd68                dao_output_target
 .text.dao_output
                0x0000ce4a       0x7e contiki-sky.a(rpl-icmp6.o)
                0x0000ce4a                dao_output
 .text.dao_ack_output
                0x0000cec8       0x3c contiki-sky.a(rpl-icmp6.o)
                0x0000cec8                dao_ack_output
 .text.dao_input
                0x0000cf04      0x306 contiki-sky.a(rpl-icmp6.o)
 .text.rpl_icmp6_register_handlers
                0x0000d20a       0x22 contiki-sky.a(rpl-icmp6.o)
                0x0000d20a                rpl_icmp6_register_handlers
 .text.libgcc   0x0000d22c       0x2c /usr/local/bin/../lib/gcc/msp430/4.7.2/mmpy-16/libgcc.a(_mulsi3.o)
                0x0000d22c                __mulsi3
 .text.libgcc   0x0000d258       0x20 /usr/local/bin/../lib/gcc/msp430/4.7.2/mmpy-16/libgcc.a(_udivmod8.o)
                0x0000d258                __ext_udivmod8
                0x0000d258                __udivqi3
                0x0000d270                __umodqi3
 .text.libgcc   0x0000d278       0x22 /usr/local/bin/../lib/gcc/msp430/4.7.2/mmpy-16/libgcc.a(_udivmod16.o)
                0x0000d278                __udivhi3
                0x0000d278                __ext_udivmod16
                0x0000d292                __umodhi3
 .text.libgcc   0x0000d29a       0x3a /usr/local/bin/../lib/gcc/msp430/4.7.2/mmpy-16/libgcc.a(_divmod16.o)
                0x0000d29a                __ext_divmod16
                0x0000d29a                __divhi3
                0x0000d2cc                __modhi3
 .text.libgcc   0x0000d2d4       0x40 /usr/local/bin/../lib/gcc/msp430/4.7.2/mmpy-16/libgcc.a(_udivmod32.o)
                0x0000d2d4                __udivsi3
                0x0000d2d4                __ext_udivmod32
                0x0000d30a                __umodsi3
 .text.printf   0x0000d314       0x10 /usr/local/bin/../lib/gcc/msp430/4.7.2/../../../../msp430/lib/mmpy-16/libc.a(printf.o)
                0x0000d314                printf
 .text.print_field
                0x0000d324      0x194 /usr/local/bin/../lib/gcc/msp430/4.7.2/../../../../msp430/lib/mmpy-16/libc.a(vuprintf.o)
 .text.vuprintf
                0x0000d4b8      0x63e /usr/local/bin/../lib/gcc/msp430/4.7.2/../../../../msp430/lib/mmpy-16/libc.a(vuprintf.o)
                0x0000d4b8                vuprintf
 .text.puts     0x0000daf6       0x2c /usr/local/bin/../lib/gcc/msp430/4.7.2/../../../../msp430/lib/mmpy-16/libc.a(puts.o)
                0x0000daf6                puts
 .text.rand     0x0000db22       0x26 /usr/local/bin/../lib/gcc/msp430/4.7.2/../../../../msp430/lib/mmpy-16/libc.a(rand.o)
                0x0000db22                rand
 .text.srand    0x0000db48        0xa /usr/local/bin/../lib/gcc/msp430/4.7.2/../../../../msp430/lib/mmpy-16/libc.a(rand.o)
                0x0000db48                srand
 .text.memcmp   0x0000db52       0x30 /usr/local/bin/../lib/gcc/msp430/4.7.2/../../../../msp430/lib/mmpy-16/libc.a(memcmp.o)
                0x0000db52                memcmp
 .text.memcpy   0x0000db82       0xfa /usr/local/bin/../lib/gcc/msp430/4.7.2/../../../../msp430/lib/mmpy-16/libc.a(memcpy.o)
                0x0000db82                memcpy
 .text.memmove  0x0000dc7c       0xfa /usr/local/bin/../lib/gcc/msp430/4.7.2/../../../../msp430/lib/mmpy-16/libc.a(memmove.o)
                0x0000dc7c                memmove
 .text.memset   0x0000dd76       0x6a /usr/local/bin/../lib/gcc/msp430/4.7.2/../../../../msp430/lib/mmpy-16/libc.a(memset.o)
                0x0000dd76                memset
 .text.libgcc   0x0000dde0       0xf0 /usr/local/bin/../lib/gcc/msp430/4.7.2/mmpy-16/libgcc.a(_udivmod64.o)
                0x0000dde0                __xabi_udivmod64
                0x0000de3e                __udivdi3
                0x0000de64                __umoddi3
                0x0000de92                __udivmoddi4
 .text.crt0     0x0000ded0        0x2 /usr/local/bin/../lib/gcc/msp430/4.7.2/mmpy-16/libcrt0.a(_unexpected_.o)
                0x0000ded0                _unexpected_
 *(.near.text .near.text.*)

.rodata         0x0000ded4      0x2c3
                0x0000ded4                . = ALIGN (0x2)
 *(.rodata .rodata.* .gnu.linkonce.r.*)
 .rodata        0x0000ded4       0x68 internal-seed-button.co
                0x0000df22                autostart_processes
 .rodata        0x0000df3c      0x12d obj_sky/contiki-sky-main.o
 *fill*         0x0000e069        0x1 00
 .rodata        0x0000e06a       0x10 contiki-sky.a(button-sensor.o)
                0x0000e072                button_sensor
 .rodata        0x0000e07a        0x8 contiki-sky.a(sensors.o)
 *fill*         0x0000e082        0x2 00
 .rodata.get_value
                0x0000e084       0x1c contiki-sky.a(cc2420.o)
 .rodata        0x0000e0a0       0x3a contiki-sky.a(cc2420.o)
                0x0000e0a0                cc2420_driver
 .rodata        0x0000e0da        0xe contiki-sky.a(bmrf.o)
                0x0000e0e0                bmrf_driver
 .rodata        0x0000e0e8        0xf contiki-sky.a(ctimer.o)
 .rodata        0x0000e0f7        0xc contiki-sky.a(etimer.o)
 *fill*         0x0000e103        0x1 00
 .rodata        0x0000e104       0x24 contiki-sky.a(sicslowpan.o)
                0x0000e110                sicslowpan_driver
                0x0000e116                llprefix
                0x0000e118                unc_mxconf
                0x0000e11c                unc_ctxconf
                0x0000e120                unc_llconf
 .rodata        0x0000e128        0x6 contiki-sky.a(framer-802154.o)
                0x0000e128                framer_802154
 .rodata        0x0000e12e       0x14 contiki-sky.a(csma.o)
                0x0000e134                csma_driver
 .rodata        0x0000e142        0x2 contiki-sky.a(frame802154.o)
 .rodata        0x0000e144        0x8 contiki-sky.a(linkaddr.o)
                0x0000e144                linkaddr_null
 .rodata        0x0000e14c       0x1a contiki-sky.a(uip-debug.o)
 .rodata        0x0000e166        0xd contiki-sky.a(tcpip.o)
 *fill*         0x0000e173        0x1 00
 .rodata        0x0000e174       0x1c contiki-sky.a(contikimac.o)
                0x0000e180                contikimac_driver
 .rodata.vuprintf
                0x0000e190        0x7 /usr/local/bin/../lib/gcc/msp430/4.7.2/../../../../msp430/lib/mmpy-16/libc.a(vuprintf.o)
 *(.near.rodata .near.rodata.*)
                0x0000e198                . = ALIGN (0x2)
                0x0000e198                _etext = .

.data           0x00001100       0xfc load address 0x0000e198
                0x00001100                . = ALIGN (0x2)
                0x00001100                __data_start = .
 *(.data .data.* .gnu.linkonce.d.*)
 .data          0x00001100        0xa internal-seed-button.co
                0x00001100                mcast_internal_seed_process
 .data          0x0000110a        0x4 contiki-sky.a(contiki-sky-pla)
                0x0000110a                sensors
 .data          0x0000110e        0xa contiki-sky.a(sensors.o)
                0x0000110e                sensors_process
 .data          0x00001118        0xa contiki-sky.a(cc2420.o)
                0x00001118                cc2420_process
 .data          0x00001122        0x2 contiki-sky.a(msp430.o)
 .data          0x00001124        0x8 contiki-sky.a(uip-mcast6-rout)
 .data          0x0000112c        0xa contiki-sky.a(ctimer.o)
                0x0000112c                ctimer_process
 .data          0x00001136        0xa contiki-sky.a(etimer.o)
                0x00001136                etimer_process
 .data          0x00001140       0x20 contiki-sky.a(uip-ds6-route.o)
 .data          0x00001160        0xa contiki-sky.a(uip-ds6-nbr.o)
                0x00001160                ds6_neighbors
 .data          0x0000116a       0x18 contiki-sky.a(csma.o)
 .data          0x00001182       0x18 contiki-sky.a(queuebuf.o)
 .data          0x0000119a        0x8 contiki-sky.a(nbr-table.o)
 .data          0x000011a2        0xa contiki-sky.a(tcpip.o)
                0x000011a2                tcpip_process
 .data          0x000011ac        0x8 contiki-sky.a(rpl-dag.o)
 .data          0x000011b4        0xe contiki-sky.a(rpl-mrhof.o)
                0x000011b4                rpl_mrhof
 .data          0x000011c2        0xc contiki-sky.a(uip-icmp6.o)
 .data          0x000011ce       0x10 contiki-sky.a(phase.o)
 .data          0x000011de       0x1a contiki-sky.a(rpl-icmp6.o)
 .data.next     0x000011f8        0x4 /usr/local/bin/../lib/gcc/msp430/4.7.2/../../../../msp430/lib/mmpy-16/libc.a(rand.o)
 *(.near.data .near.data.*)
                0x000011fc                . = ALIGN (0x2)
                0x000011fc                _edata = .
                0x0000e198                __data_load_start = LOADADDR (.data)
                0x000000fc                __data_size = SIZEOF (.data)

.bss            0x000011fc     0x1de8 load address 0x0000e294
                0x000011fc                __bss_start = .
 *(.bss .bss.*)
 .bss           0x000011fc       0x8a internal-seed-button.co
 .bss           0x00001286        0xc obj_sky/contiki-sky-main.o
 .bss           0x00001292        0x8 contiki-sky.a(button-sensor.o)
 .bss           0x0000129a        0x2 contiki-sky.a(node-id.o)
                0x0000129a                node_id
 .bss           0x0000129c        0x6 contiki-sky.a(sensors.o)
 .bss           0x000012a2        0x8 contiki-sky.a(cc2420.o)
 .bss           0x000012aa       0x9a contiki-sky.a(uart1.o)
 .bss           0x00001344        0xa contiki-sky.a(clock.o)
 .bss           0x0000134e        0x1 contiki-sky.a(leds.o)
 *fill*         0x0000134f        0x1 00
 .bss           0x00001350        0x2 contiki-sky.a(watchdog.o)
 .bss           0x00001352      0x108 contiki-sky.a(bmrf.o)
 .bss           0x0000145a      0x10c contiki-sky.a(uip-mcast6-rout)
 .bss           0x00001566        0x4 contiki-sky.a(ctimer.o)
 .bss           0x0000156a        0x6 contiki-sky.a(etimer.o)
 .bss           0x00001570       0x42 contiki-sky.a(process.o)
                0x00001570                process_current
                0x00001572                process_list
 .bss           0x000015b2        0x2 contiki-sky.a(rtimer.o)
 .bss           0x000015b4       0x18 contiki-sky.a(uip-ds6.o)
 .bss           0x000015cc      0x362 contiki-sky.a(uip-ds6-route.o)
 .bss           0x0000192e        0x8 contiki-sky.a(uip6.o)
                0x0000192e                uip_ext_opt_offset
                0x0000192f                uip_ext_len
                0x00001930                uip_ext_bitmap
 .bss           0x00001936      0x2d0 contiki-sky.a(uip-ds6-nbr.o)
 .bss           0x00001c06      0x124 contiki-sky.a(sicslowpan.o)
 .bss           0x00001d2a        0x2 contiki-sky.a(framer-802154.o)
 .bss           0x00001d2c       0xc4 contiki-sky.a(csma.o)
 .bss           0x00001df0      0x71e contiki-sky.a(queuebuf.o)
 .bss           0x0000250e      0x118 contiki-sky.a(nbr-table.o)
 .bss           0x00002626       0xba contiki-sky.a(packetbuf.o)
 .bss           0x000026e0        0xe contiki-sky.a(tcpip.o)
 .bss           0x000026ee       0xc8 contiki-sky.a(rpl-dag.o)
 .bss           0x000027b6       0x18 contiki-sky.a(rpl-timers.o)
 .bss           0x000027ce        0x2 contiki-sky.a(rpl.o)
 .bss           0x000027d0       0x34 contiki-sky.a(contikimac.o)
 .bss           0x00002804        0x8 contiki-sky.a(compower.o)
 .bss           0x0000280c       0x14 contiki-sky.a(uip-icmp6.o)
 .bss           0x00002820       0xa0 contiki-sky.a(mac-sequence.o)
 .bss           0x000028c0      0x1d8 contiki-sky.a(phase.o)
 .bss           0x00002a98        0x2 contiki-sky.a(rpl-icmp6.o)
 *(.near.bss .near.bss.*)
 *(COMMON)
 COMMON         0x00002a9a        0x2 contiki-sky.a(contiki-sky-pla)
                0x00002a9a                sensors_flags
 COMMON         0x00002a9c        0x8 contiki-sky.a(ds2411.o)
                0x00002a9c                ds2411_id
 COMMON         0x00002aa4        0x1 contiki-sky.a(sensors.o)
                0x00002aa4                sensors_event
 *fill*         0x00002aa5        0x1 00
 COMMON         0x00002aa6       0x14 contiki-sky.a(cc2420.o)
                0x00002aa6                cc2420_last_rssi
                0x00002aa8                cc2420_packets_read
                0x00002aaa                cc2420_packets_seen
                0x00002aac                cc2420_sfd_start_time
                0x00002aae                cc2420_time_of_departure
                0x00002ab0                cc2420_time_of_arrival
                0x00002ab2                cc2420_last_correlation
                0x00002ab4                cc2420_authority_level_of_sender
                0x00002ab6                cc2420_sfd_counter
                0x00002ab8                cc2420_sfd_end_time
 COMMON         0x00002aba        0x2 contiki-sky.a(msp430.o)
                0x00002aba                msp430_dco_required
 COMMON         0x00002abc       0x56 contiki-sky.a(energest.o)
                0x00002abc                energest_total_time
                0x00002aec                energest_total_count
                0x00002aee                energest_current_mode
                0x00002afa                energest_current_time
 COMMON         0x00002b12        0x1 contiki-sky.a(process.o)
                0x00002b12                process_maxevents
 *fill*         0x00002b13        0x1 00
 COMMON         0x00002b14      0x15c contiki-sky.a(uip-ds6.o)
                0x00002b14                uip_ds6_timer_ra
                0x00002b1c                uip_ds6_if
                0x00002c08                uip_ds6_netif_addr_list_offset
                0x00002c09                uip_ds6_addr_size
                0x00002c0a                uip_ds6_prefix_list
                0x00002c64                uip_ds6_timer_periodic
 COMMON         0x00002c70      0x240 contiki-sky.a(uip6.o)
                0x00002c70                uip_len
                0x00002c72                uip_sappdata
                0x00002c74                uip_lladdr
                0x00002c7c                uip_aligned_buf
                0x00002d6c                uip_flags
                0x00002d6e                uip_next_hdr
                0x00002d70                uip_udp_conn
                0x00002d72                uip_appdata
                0x00002d74                uip_conn
                0x00002d76                uip_slen
                0x00002d78                uip_udp_conns
 COMMON         0x00002eb0        0x8 contiki-sky.a(sicslowpan.o)
                0x00002eb0                frag_sender
 COMMON         0x00002eb8       0x50 contiki-sky.a(packetbuf.o)
                0x00002eb8                packetbuf_addrs
                0x00002ed8                packetbuf_attrs
 COMMON         0x00002f08        0x8 contiki-sky.a(linkaddr.o)
                0x00002f08                linkaddr_node_addr
 COMMON         0x00002f10        0x1 contiki-sky.a(tcpip.o)
                0x00002f10                tcpip_event
 *fill*         0x00002f11        0x1 00
 COMMON         0x00002f12       0xca contiki-sky.a(rpl-dag.o)
                0x00002f12                default_instance
                0x00002f14                instance_table
 COMMON         0x00002fdc        0x8 contiki-sky.a(compower.o)
                0x00002fdc                compower_idle_activity
                0x00002fe4                . = ALIGN (0x2)
                0x00002fe4                __bss_end = .
                0x00001de8                __bss_size = SIZEOF (.bss)

.noinit         0x00002fe4        0x2 load address 0x0000e294
                0x00002fe4                . = ALIGN (0x2)
                0x00002fe4                __noinit_start = .
 *(.noinit .noinit.*)
 .noinit.crt0   0x00002fe4        0x2 /usr/local/bin/../lib/gcc/msp430/4.7.2/mmpy-16/libcrt0.a(__watchdog_support.o)
                0x00002fe4                __wdt_clear_value
                0x00002fe6                . = ALIGN (0x2)
                0x00002fe6                __noinit_end = .
                0x00002fe6                . = ALIGN (0x2)
                0x00002fe6                _end = .

.infomem        0x00001000        0x0
                0x00001000                . = ALIGN (0x2)
 *(.infomem .infomem.*)

.infomemnobits  0x00001000        0x0
                0x00001000                . = ALIGN (0x2)
 *(.infomemnobits .infomemnobits.*)

.infoa          0x00001080        0x0
                0x00001080                . = ALIGN (0x2)
 *(.infoa .infoa.*)

.infob          0x00001000        0x0
                0x00001000                . = ALIGN (0x2)
 *(.infob .infob.*)

.infoc          0x00000000        0x0
                0x00000000                . = ALIGN (0x2)
 *(.infoc .infoc.*)

.infod          0x00000000        0x0
                0x00000000                . = ALIGN (0x2)
 *(.infod .infod.*)
                0x0000ffff                PROVIDE (__vte_0, 0xffff)
                0x0000ffff                PROVIDE (__vte_1, 0xffff)
                0x0000ffff                PROVIDE (__vte_2, 0xffff)
                0x0000ffff                PROVIDE (__vte_3, 0xffff)
                0x0000ffff                PROVIDE (__vte_4, 0xffff)
                0x0000ffff                PROVIDE (__vte_5, 0xffff)
                0x0000ffff                PROVIDE (__vte_6, 0xffff)
                0x0000ffff                PROVIDE (__vte_7, 0xffff)
                0x0000ffff                PROVIDE (__vte_8, 0xffff)
                0x0000ffff                PROVIDE (__vte_9, 0xffff)
                0x0000ffff                PROVIDE (__vte_10, 0xffff)
                0x0000ffff                PROVIDE (__vte_11, 0xffff)
                0x0000ffff                PROVIDE (__vte_12, 0xffff)
                0x0000ffff                PROVIDE (__vte_13, 0xffff)
                0x0000ffff                PROVIDE (__vte_14, 0xffff)
                0x0000ffff                PROVIDE (__vte_15, 0xffff)
                0x0000ffff                PROVIDE (__vte_16, 0xffff)
                0x0000ffff                PROVIDE (__vte_17, 0xffff)
                0x0000ffff                PROVIDE (__vte_18, 0xffff)
                0x0000ffff                PROVIDE (__vte_19, 0xffff)
                0x0000ffff                PROVIDE (__vte_20, 0xffff)
                0x0000ffff                PROVIDE (__vte_21, 0xffff)
                0x0000ffff                PROVIDE (__vte_22, 0xffff)
                0x0000ffff                PROVIDE (__vte_23, 0xffff)
                0x0000ffff                PROVIDE (__vte_24, 0xffff)
                0x0000ffff                PROVIDE (__vte_25, 0xffff)
                0x0000ffff                PROVIDE (__vte_26, 0xffff)
                0x0000ffff                PROVIDE (__vte_27, 0xffff)
                0x0000ffff                PROVIDE (__vte_28, 0xffff)
                0x0000ffff                PROVIDE (__vte_29, 0xffff)
                0x0000ffff                PROVIDE (__vte_30, 0xffff)
                0x0000ffff                PROVIDE (__vte_31, 0xffff)

.vectors        0x0000ffe0       0x20
                0x0000ffe0                __vectors_start = .
 *(.vectors*)
 .vectors       0x0000ffe0       0x20 /usr/local/bin/../lib/gcc/msp430/4.7.2/mmpy-16/crt0ivtbl16.o
                0x0000ffe0                __ivtbl_16
                0x00010000                _vectors_end = .

.fartext        0x00000000        0x0
                0x00000000                . = ALIGN (0x2)
 *(.fartext .fartext.*)

.far.text       0x00000000        0x0
                0x00000000                . = ALIGN (0x2)
 *(.far.text .far.text.*)

.far.rodata     0x00000000        0x0
                0x00000000                . = ALIGN (0x2)
 *(.far.rodata .far.rodata.*)
                0x00000000                . = ALIGN (0x2)
                0x00000000                _efartext = .

.far.data       0x00000000        0x0
                0x00000000                . = ALIGN (0x2)
                0x00000000                __far_data_start = .
 *(.far.data .far.data.*)
                0x00000000                . = ALIGN (0x2)
                0x00000000                _efardata = .
                0x00000000                __far_data_load_start = LOADADDR (.far.data)
                0x00000000                __far_data_size = SIZEOF (.far.data)

.far.bss        0x00000000        0x0
                0x00000000                . = ALIGN (0x2)
                0x00000000                __far_bss_start = .
 *(.far.bss .far.bss.*)
                0x00000000                . = ALIGN (0x2)
                0x00000000                __far_bss_end = .
                0x00000000                __far_bss_size = SIZEOF (.far.bss)
                0x00000000                . = ALIGN (0x2)
                0x00000000                _far_end = .

.profiler
 *(.profiler)

.stab
 *(.stab)

.stabstr
 *(.stabstr)

.stab.excl
 *(.stab.excl)

.stab.exclstr
 *(.stab.exclstr)

.stab.index
 *(.stab.index)

.stab.indexstr
 *(.stab.indexstr)

.comment        0x00000000       0x30
 *(.comment)
 .comment       0x00000000       0x30 internal-seed-button.co
                                 0x31 (size before relaxing)
 .comment       0x00000000       0x31 obj_sky/contiki-sky-main.o
 .comment       0x00000000       0x31 contiki-sky.a(contiki-sky-pla)
 .comment       0x00000000       0x31 contiki-sky.a(button-sensor.o)
 .comment       0x00000000       0x31 contiki-sky.a(ds2411.o)
 .comment       0x00000000       0x31 contiki-sky.a(xmem.o)
 .comment       0x00000000       0x31 contiki-sky.a(node-id.o)
 .comment       0x00000000       0x31 contiki-sky.a(sensors.o)
 .comment       0x00000000       0x31 contiki-sky.a(cc2420.o)
 .comment       0x00000000       0x31 contiki-sky.a(cc2420-arch.o)
 .comment       0x00000000       0x31 contiki-sky.a(uart1.o)
 .comment       0x00000000       0x31 contiki-sky.a(uart1-putchar.o)
 .comment       0x00000000       0x31 contiki-sky.a(msp430.o)
 .comment       0x00000000       0x31 contiki-sky.a(clock.o)
 .comment       0x00000000       0x31 contiki-sky.a(leds.o)
 .comment       0x00000000       0x31 contiki-sky.a(leds-arch.o)
 .comment       0x00000000       0x31 contiki-sky.a(watchdog.o)
 .comment       0x00000000       0x31 contiki-sky.a(rtimer-arch.o)
 .comment       0x00000000       0x31 contiki-sky.a(bmrf.o)
 .comment       0x00000000       0x31 contiki-sky.a(uip-mcast6-rout)
 .comment       0x00000000       0x31 contiki-sky.a(autostart.o)
 .comment       0x00000000       0x31 contiki-sky.a(ctimer.o)
 .comment       0x00000000       0x31 contiki-sky.a(energest.o)
 .comment       0x00000000       0x31 contiki-sky.a(etimer.o)
 .comment       0x00000000       0x31 contiki-sky.a(process.o)
 .comment       0x00000000       0x31 contiki-sky.a(rtimer.o)
 .comment       0x00000000       0x31 contiki-sky.a(timer.o)
 .comment       0x00000000       0x31 contiki-sky.a(list.o)
 .comment       0x00000000       0x31 contiki-sky.a(memb.o)
 .comment       0x00000000       0x31 contiki-sky.a(random.o)
 .comment       0x00000000       0x31 contiki-sky.a(uip-ds6.o)
 .comment       0x00000000       0x31 contiki-sky.a(uip-ds6-route.o)
 .comment       0x00000000       0x31 contiki-sky.a(uip6.o)
 .comment       0x00000000       0x31 contiki-sky.a(uip-ds6-nbr.o)
 .comment       0x00000000       0x31 contiki-sky.a(uip-nd6.o)
 .comment       0x00000000       0x31 contiki-sky.a(sicslowpan.o)
 .comment       0x00000000       0x31 contiki-sky.a(framer-802154.o)
 .comment       0x00000000       0x31 contiki-sky.a(csma.o)
 .comment       0x00000000       0x31 contiki-sky.a(frame802154.o)
 .comment       0x00000000       0x31 contiki-sky.a(mac.o)
 .comment       0x00000000       0x31 contiki-sky.a(queuebuf.o)
 .comment       0x00000000       0x31 contiki-sky.a(nbr-table.o)
 .comment       0x00000000       0x31 contiki-sky.a(packetbuf.o)
 .comment       0x00000000       0x31 contiki-sky.a(linkaddr.o)
 .comment       0x00000000       0x31 contiki-sky.a(uip-debug.o)
 .comment       0x00000000       0x31 contiki-sky.a(uip-udp-packet.)
 .comment       0x00000000       0x31 contiki-sky.a(tcpip.o)
 .comment       0x00000000       0x31 contiki-sky.a(rpl-dag.o)
 .comment       0x00000000       0x31 contiki-sky.a(rpl-timers.o)
 .comment       0x00000000       0x31 contiki-sky.a(rpl-ext-header.)
 .comment       0x00000000       0x31 contiki-sky.a(rpl.o)
 .comment       0x00000000       0x31 contiki-sky.a(rpl-mrhof.o)
 .comment       0x00000000       0x31 contiki-sky.a(contikimac.o)
 .comment       0x00000000       0x31 contiki-sky.a(spi.o)
 .comment       0x00000000       0x31 contiki-sky.a(stimer.o)
 .comment       0x00000000       0x31 contiki-sky.a(compower.o)
 .comment       0x00000000       0x31 contiki-sky.a(uip-icmp6.o)
 .comment       0x00000000       0x31 contiki-sky.a(mac-sequence.o)
 .comment       0x00000000       0x31 contiki-sky.a(phase.o)
 .comment       0x00000000       0x31 contiki-sky.a(rpl-icmp6.o)
 .comment       0x00000000       0x31 /usr/local/bin/../lib/gcc/msp430/4.7.2/../../../../msp430/lib/mmpy-16/libc.a(printf.o)
 .comment       0x00000000       0x31 /usr/local/bin/../lib/gcc/msp430/4.7.2/../../../../msp430/lib/mmpy-16/libc.a(vuprintf.o)
 .comment       0x00000000       0x31 /usr/local/bin/../lib/gcc/msp430/4.7.2/../../../../msp430/lib/mmpy-16/libc.a(puts.o)
 .comment       0x00000000       0x31 /usr/local/bin/../lib/gcc/msp430/4.7.2/../../../../msp430/lib/mmpy-16/libc.a(rand.o)
 .comment       0x00000000       0x31 /usr/local/bin/../lib/gcc/msp430/4.7.2/../../../../msp430/lib/mmpy-16/libc.a(memcmp.o)
 .comment       0x00000000       0x31 /usr/local/bin/../lib/gcc/msp430/4.7.2/../../../../msp430/lib/mmpy-16/libc.a(memcpy.o)
 .comment       0x00000000       0x31 /usr/local/bin/../lib/gcc/msp430/4.7.2/../../../../msp430/lib/mmpy-16/libc.a(memmove.o)
 .comment       0x00000000       0x31 /usr/local/bin/../lib/gcc/msp430/4.7.2/../../../../msp430/lib/mmpy-16/libc.a(memset.o)

.debug
 *(.debug)

.line
 *(.line)

.debug_srcinfo
 *(.debug_srcinfo)

.debug_sfnames
 *(.debug_sfnames)

.debug_aranges  0x00000000      0x1b4
 *(.debug_aranges)
 .debug_aranges
                0x00000000       0x14 /usr/local/bin/../lib/gcc/msp430/4.7.2/mmpy-16/crt0ivtbl16.o
 .debug_aranges
                0x00000014       0x14 /usr/local/bin/../lib/gcc/msp430/4.7.2/mmpy-16/libgcc.a(_mulsi3.o)
 .debug_aranges
                0x00000028       0x14 /usr/local/bin/../lib/gcc/msp430/4.7.2/mmpy-16/libgcc.a(_udivmod8.o)
 .debug_aranges
                0x0000003c       0x14 /usr/local/bin/../lib/gcc/msp430/4.7.2/mmpy-16/libgcc.a(_udivmod16.o)
 .debug_aranges
                0x00000050       0x14 /usr/local/bin/../lib/gcc/msp430/4.7.2/mmpy-16/libgcc.a(_divmod16.o)
 .debug_aranges
                0x00000064       0x14 /usr/local/bin/../lib/gcc/msp430/4.7.2/mmpy-16/libgcc.a(_udivmod32.o)
 .debug_aranges
                0x00000078       0x18 /usr/local/bin/../lib/gcc/msp430/4.7.2/../../../../msp430/lib/mmpy-16/libc.a(printf.o)
 .debug_aranges
                0x00000090       0x18 /usr/local/bin/../lib/gcc/msp430/4.7.2/../../../../msp430/lib/mmpy-16/libc.a(vuprintf.o)
 .debug_aranges
                0x000000a8       0x14 /usr/local/bin/../lib/gcc/msp430/4.7.2/../../../../msp430/lib/mmpy-16/libc.a(puts.o)
 .debug_aranges
                0x000000bc       0x1c /usr/local/bin/../lib/gcc/msp430/4.7.2/../../../../msp430/lib/mmpy-16/libc.a(rand.o)
 .debug_aranges
                0x000000d8       0x14 /usr/local/bin/../lib/gcc/msp430/4.7.2/../../../../msp430/lib/mmpy-16/libc.a(memcmp.o)
 .debug_aranges
                0x000000ec       0x14 /usr/local/bin/../lib/gcc/msp430/4.7.2/../../../../msp430/lib/mmpy-16/libc.a(memcpy.o)
 .debug_aranges
                0x00000100       0x14 /usr/local/bin/../lib/gcc/msp430/4.7.2/../../../../msp430/lib/mmpy-16/libc.a(memmove.o)
 .debug_aranges
                0x00000114       0x14 /usr/local/bin/../lib/gcc/msp430/4.7.2/../../../../msp430/lib/mmpy-16/libc.a(memset.o)
 .debug_aranges
                0x00000128       0x14 /usr/local/bin/../lib/gcc/msp430/4.7.2/mmpy-16/libgcc.a(_udivmod64.o)
 .debug_aranges
                0x0000013c       0x14 /usr/local/bin/../lib/gcc/msp430/4.7.2/mmpy-16/libcrt0.a(__watchdog_support.o)
 .debug_aranges
                0x00000150       0x14 /usr/local/bin/../lib/gcc/msp430/4.7.2/mmpy-16/libcrt0.a(__init_stack.o)
 .debug_aranges
                0x00000164       0x14 /usr/local/bin/../lib/gcc/msp430/4.7.2/mmpy-16/libcrt0.a(_copy_data.o)
 .debug_aranges
                0x00000178       0x14 /usr/local/bin/../lib/gcc/msp430/4.7.2/mmpy-16/libcrt0.a(_clear_bss.o)
 .debug_aranges
                0x0000018c       0x14 /usr/local/bin/../lib/gcc/msp430/4.7.2/mmpy-16/libcrt0.a(_endless_loop__.o)
 .debug_aranges
                0x000001a0       0x14 /usr/local/bin/../lib/gcc/msp430/4.7.2/mmpy-16/libcrt0.a(_unexpected_.o)

.debug_pubnames
 *(.debug_pubnames)

.debug_info     0x00000000     0x14b6
 *(.debug_info)
 .debug_info    0x00000000       0x8f /usr/local/bin/../lib/gcc/msp430/4.7.2/mmpy-16/crt0ivtbl16.o
 .debug_info    0x0000008f       0x8c /usr/local/bin/../lib/gcc/msp430/4.7.2/mmpy-16/libgcc.a(_mulsi3.o)
 .debug_info    0x0000011b       0x8c /usr/local/bin/../lib/gcc/msp430/4.7.2/mmpy-16/libgcc.a(_udivmod8.o)
 .debug_info    0x000001a7       0x8c /usr/local/bin/../lib/gcc/msp430/4.7.2/mmpy-16/libgcc.a(_udivmod16.o)
 .debug_info    0x00000233       0x8c /usr/local/bin/../lib/gcc/msp430/4.7.2/mmpy-16/libgcc.a(_divmod16.o)
 .debug_info    0x000002bf       0x8c /usr/local/bin/../lib/gcc/msp430/4.7.2/mmpy-16/libgcc.a(_udivmod32.o)
 .debug_info    0x0000034b      0x16e /usr/local/bin/../lib/gcc/msp430/4.7.2/../../../../msp430/lib/mmpy-16/libc.a(printf.o)
 .debug_info    0x000004b9      0x5d4 /usr/local/bin/../lib/gcc/msp430/4.7.2/../../../../msp430/lib/mmpy-16/libc.a(vuprintf.o)
 .debug_info    0x00000a8d       0xc7 /usr/local/bin/../lib/gcc/msp430/4.7.2/../../../../msp430/lib/mmpy-16/libc.a(puts.o)
 .debug_info    0x00000b54      0x146 /usr/local/bin/../lib/gcc/msp430/4.7.2/../../../../msp430/lib/mmpy-16/libc.a(rand.o)
 .debug_info    0x00000c9a       0xe5 /usr/local/bin/../lib/gcc/msp430/4.7.2/../../../../msp430/lib/mmpy-16/libc.a(memcmp.o)
 .debug_info    0x00000d7f      0x12c /usr/local/bin/../lib/gcc/msp430/4.7.2/../../../../msp430/lib/mmpy-16/libc.a(memcpy.o)
 .debug_info    0x00000eab      0x12c /usr/local/bin/../lib/gcc/msp430/4.7.2/../../../../msp430/lib/mmpy-16/libc.a(memmove.o)
 .debug_info    0x00000fd7      0x117 /usr/local/bin/../lib/gcc/msp430/4.7.2/../../../../msp430/lib/mmpy-16/libc.a(memset.o)
 .debug_info    0x000010ee       0x8c /usr/local/bin/../lib/gcc/msp430/4.7.2/mmpy-16/libgcc.a(_udivmod64.o)
 .debug_info    0x0000117a       0x8a /usr/local/bin/../lib/gcc/msp430/4.7.2/mmpy-16/libcrt0.a(__watchdog_support.o)
 .debug_info    0x00001204       0x8a /usr/local/bin/../lib/gcc/msp430/4.7.2/mmpy-16/libcrt0.a(__init_stack.o)
 .debug_info    0x0000128e       0x8a /usr/local/bin/../lib/gcc/msp430/4.7.2/mmpy-16/libcrt0.a(_copy_data.o)
 .debug_info    0x00001318       0x8a /usr/local/bin/../lib/gcc/msp430/4.7.2/mmpy-16/libcrt0.a(_clear_bss.o)
 .debug_info    0x000013a2       0x8a /usr/local/bin/../lib/gcc/msp430/4.7.2/mmpy-16/libcrt0.a(_endless_loop__.o)
 .debug_info    0x0000142c       0x8a /usr/local/bin/../lib/gcc/msp430/4.7.2/mmpy-16/libcrt0.a(_unexpected_.o)
 *(.gnu.linkonce.wi.*)

.debug_abbrev   0x00000000      0x86f
 *(.debug_abbrev)